<?xml version="1.0" encoding="ISO-8859-1" ?>
<link_info>
   <banner>TI ARM Clang Linker PC v4.0.4.LTS</banner>
   <copyright>Copyright (c) 1996-2018 Texas Instruments Incorporated</copyright>
   <command_line>C:\ruanjian\ti\ccs2040\ccs\tools\compiler\ti-cgt-armllvm_4.0.4.LTS\bin\tiarmlnk -IC:\ruanjian\ti\ccs2040\ccs\tools\compiler\ti-cgt-armllvm_4.0.4.LTS\lib -o empty_test.out -mempty_test.map -iC:/ruanjian/ti/ccs2040/simplelink_cc13xx_cc26xx_sdk_8_32_00_07/source -iC:/ruanjian/ti/ccs2040/simplelink_cc13xx_cc26xx_sdk_8_32_00_07/kernel/nortos -iC:/Djia/gitroom/training/1_4/empty_test/Debug/syscfg -iC:/ruanjian/ti/ccs2040/ccs/tools/compiler/ti-cgt-armllvm_4.0.4.LTS/lib --diag_wrap=off --display_error_number --warn_sections --xml_link_info=empty_test_linkInfo.xml --rom_model ./empty.o ./syscfg/ti_devices_config.o ./syscfg/ti_drivers_config.o ./main_nortos.o ../cc13x2_cc26x2_nortos.cmd -lti_utils_build_linker.cmd.genlibs -llibc.a --start-group -llibc++.a -llibc++abi.a -llibc.a -llibsys.a -llibsysbm.a -llibclang_rt.builtins.a -llibclang_rt.profile.a --end-group --cg_opt_level=z</command_line>
   <link_time>0x696f2dd1</link_time>
   <link_errors>0x0</link_errors>
   <output_file>C:\Djia\gitroom\training\1_4\empty_test\Debug\empty_test.out</output_file>
   <entry_point>
      <name>resetISR</name>
      <address>0x1ef5</address>
   </entry_point>
   <input_file_list>
      <input_file id="fl-1">
         <path>C:\Djia\gitroom\training\1_4\empty_test\Debug\.\</path>
         <kind>object</kind>
         <file>empty.o</file>
         <name>empty.o</name>
      </input_file>
      <input_file id="fl-2">
         <path>C:\Djia\gitroom\training\1_4\empty_test\Debug\.\syscfg\</path>
         <kind>object</kind>
         <file>ti_devices_config.o</file>
         <name>ti_devices_config.o</name>
      </input_file>
      <input_file id="fl-3">
         <path>C:\Djia\gitroom\training\1_4\empty_test\Debug\.\syscfg\</path>
         <kind>object</kind>
         <file>ti_drivers_config.o</file>
         <name>ti_drivers_config.o</name>
      </input_file>
      <input_file id="fl-4">
         <path>C:\Djia\gitroom\training\1_4\empty_test\Debug\.\</path>
         <kind>object</kind>
         <file>main_nortos.o</file>
         <name>main_nortos.o</name>
      </input_file>
      <input_file id="fl-15">
         <path>C:\Djia\gitroom\training\1_4\empty_test\Debug\</path>
         <kind>object</kind>
         <file>&lt;internal&gt;</file>
         <name>&lt;internal&gt;</name>
      </input_file>
      <input_file id="fl-16">
         <path>C:\ruanjian\ti\ccs2040\simplelink_cc13xx_cc26xx_sdk_8_32_00_07\kernel\nortos\lib\ticlang\m4f\</path>
         <kind>archive</kind>
         <file>nortos_cc13x2.a</file>
         <name>NoRTOS.c.obj</name>
      </input_file>
      <input_file id="fl-17">
         <path>C:\ruanjian\ti\ccs2040\simplelink_cc13xx_cc26xx_sdk_8_32_00_07\kernel\nortos\lib\ticlang\m4f\</path>
         <kind>archive</kind>
         <file>nortos_cc13x2.a</file>
         <name>SemaphoreP_nortos.c.obj</name>
      </input_file>
      <input_file id="fl-18">
         <path>C:\ruanjian\ti\ccs2040\simplelink_cc13xx_cc26xx_sdk_8_32_00_07\kernel\nortos\lib\ticlang\m4f\</path>
         <kind>archive</kind>
         <file>nortos_cc13x2.a</file>
         <name>ClockPTimer_nortos.c.obj</name>
      </input_file>
      <input_file id="fl-19">
         <path>C:\ruanjian\ti\ccs2040\simplelink_cc13xx_cc26xx_sdk_8_32_00_07\kernel\nortos\lib\ticlang\m4f\</path>
         <kind>archive</kind>
         <file>nortos_cc13x2.a</file>
         <name>QueueP_nortos.c.obj</name>
      </input_file>
      <input_file id="fl-1a">
         <path>C:\ruanjian\ti\ccs2040\simplelink_cc13xx_cc26xx_sdk_8_32_00_07\kernel\nortos\lib\ticlang\m4f\</path>
         <kind>archive</kind>
         <file>nortos_cc13x2.a</file>
         <name>HwiPCC26XX_nortos.c.obj</name>
      </input_file>
      <input_file id="fl-1b">
         <path>C:\ruanjian\ti\ccs2040\simplelink_cc13xx_cc26xx_sdk_8_32_00_07\kernel\nortos\lib\ticlang\m4f\</path>
         <kind>archive</kind>
         <file>nortos_cc13x2.a</file>
         <name>PowerCC26X2_nortos.c.obj</name>
      </input_file>
      <input_file id="fl-1c">
         <path>C:\ruanjian\ti\ccs2040\simplelink_cc13xx_cc26xx_sdk_8_32_00_07\kernel\nortos\lib\ticlang\m4f\</path>
         <kind>archive</kind>
         <file>nortos_cc13x2.a</file>
         <name>TimerPCC26XX_nortos.c.obj</name>
      </input_file>
      <input_file id="fl-1d">
         <path>C:\ruanjian\ti\ccs2040\simplelink_cc13xx_cc26xx_sdk_8_32_00_07\kernel\nortos\lib\ticlang\m4f\</path>
         <kind>archive</kind>
         <file>nortos_cc13x2.a</file>
         <name>startup_cc13x2_cc26x2_ticlang.c.obj</name>
      </input_file>
      <input_file id="fl-1e">
         <path>C:\ruanjian\ti\ccs2040\simplelink_cc13xx_cc26xx_sdk_8_32_00_07\kernel\nortos\lib\ticlang\m4f\</path>
         <kind>archive</kind>
         <file>nortos_cc13x2.a</file>
         <name>SwiP_nortos.c.obj</name>
      </input_file>
      <input_file id="fl-1f">
         <path>C:\ruanjian\ti\ccs2040\simplelink_cc13xx_cc26xx_sdk_8_32_00_07\source\ti\drivers\lib\ticlang\m4f\</path>
         <kind>archive</kind>
         <file>drivers_cc13x2.a</file>
         <name>GPIO.c.obj</name>
      </input_file>
      <input_file id="fl-20">
         <path>C:\ruanjian\ti\ccs2040\simplelink_cc13xx_cc26xx_sdk_8_32_00_07\source\ti\drivers\lib\ticlang\m4f\</path>
         <kind>archive</kind>
         <file>drivers_cc13x2.a</file>
         <name>GPIOCC26XX.c.obj</name>
      </input_file>
      <input_file id="fl-21">
         <path>C:\ruanjian\ti\ccs2040\simplelink_cc13xx_cc26xx_sdk_8_32_00_07\source\ti\drivers\lib\ticlang\m4f\</path>
         <kind>archive</kind>
         <file>drivers_cc13x2.a</file>
         <name>PowerCC26X2.c.obj</name>
      </input_file>
      <input_file id="fl-22">
         <path>C:\ruanjian\ti\ccs2040\simplelink_cc13xx_cc26xx_sdk_8_32_00_07\source\ti\drivers\lib\ticlang\m4f\</path>
         <kind>archive</kind>
         <file>drivers_cc13x2.a</file>
         <name>PowerCC26X2_calibrateRCOSC.c.obj</name>
      </input_file>
      <input_file id="fl-23">
         <path>C:\ruanjian\ti\ccs2040\simplelink_cc13xx_cc26xx_sdk_8_32_00_07\source\ti\drivers\lib\ticlang\m4f\</path>
         <kind>archive</kind>
         <file>drivers_cc13x2.a</file>
         <name>TemperatureCC26X2.c.obj</name>
      </input_file>
      <input_file id="fl-24">
         <path>C:\ruanjian\ti\ccs2040\simplelink_cc13xx_cc26xx_sdk_8_32_00_07\source\ti\drivers\lib\ticlang\m4f\</path>
         <kind>archive</kind>
         <file>drivers_cc13x2.a</file>
         <name>GPIOCC26X2.c.obj</name>
      </input_file>
      <input_file id="fl-25">
         <path>C:\ruanjian\ti\ccs2040\simplelink_cc13xx_cc26xx_sdk_8_32_00_07\source\ti\drivers\lib\ticlang\m4f\</path>
         <kind>archive</kind>
         <file>drivers_cc13x2.a</file>
         <name>PowerCC26X2_calibrateRCOSC_helpers.c.obj</name>
      </input_file>
      <input_file id="fl-26">
         <path>C:\ruanjian\ti\ccs2040\simplelink_cc13xx_cc26xx_sdk_8_32_00_07\source\ti\drivers\lib\ticlang\m4f\</path>
         <kind>archive</kind>
         <file>drivers_cc13x2.a</file>
         <name>PowerCC26X2_helpers.c.obj</name>
      </input_file>
      <input_file id="fl-27">
         <path>C:\ruanjian\ti\ccs2040\simplelink_cc13xx_cc26xx_sdk_8_32_00_07\source\ti\drivers\lib\ticlang\m4f\</path>
         <kind>archive</kind>
         <file>drivers_cc13x2.a</file>
         <name>List.c.obj</name>
      </input_file>
      <input_file id="fl-28">
         <path>C:\ruanjian\ti\ccs2040\simplelink_cc13xx_cc26xx_sdk_8_32_00_07\source\ti\devices\cc13x2_cc26x2\driverlib\bin\ticlang\</path>
         <kind>archive</kind>
         <file>driverlib.lib</file>
         <name>cpu.c.obj</name>
      </input_file>
      <input_file id="fl-29">
         <path>C:\ruanjian\ti\ccs2040\simplelink_cc13xx_cc26xx_sdk_8_32_00_07\source\ti\devices\cc13x2_cc26x2\driverlib\bin\ticlang\</path>
         <kind>archive</kind>
         <file>driverlib.lib</file>
         <name>interrupt.c.obj</name>
      </input_file>
      <input_file id="fl-2a">
         <path>C:\ruanjian\ti\ccs2040\simplelink_cc13xx_cc26xx_sdk_8_32_00_07\source\ti\devices\cc13x2_cc26x2\driverlib\bin\ticlang\</path>
         <kind>archive</kind>
         <file>driverlib.lib</file>
         <name>osc.c.obj</name>
      </input_file>
      <input_file id="fl-2b">
         <path>C:\ruanjian\ti\ccs2040\simplelink_cc13xx_cc26xx_sdk_8_32_00_07\source\ti\devices\cc13x2_cc26x2\driverlib\bin\ticlang\</path>
         <kind>archive</kind>
         <file>driverlib.lib</file>
         <name>prcm.c.obj</name>
      </input_file>
      <input_file id="fl-2c">
         <path>C:\ruanjian\ti\ccs2040\simplelink_cc13xx_cc26xx_sdk_8_32_00_07\source\ti\devices\cc13x2_cc26x2\driverlib\bin\ticlang\</path>
         <kind>archive</kind>
         <file>driverlib.lib</file>
         <name>setup.c.obj</name>
      </input_file>
      <input_file id="fl-2d">
         <path>C:\ruanjian\ti\ccs2040\simplelink_cc13xx_cc26xx_sdk_8_32_00_07\source\ti\devices\cc13x2_cc26x2\driverlib\bin\ticlang\</path>
         <kind>archive</kind>
         <file>driverlib.lib</file>
         <name>sys_ctrl.c.obj</name>
      </input_file>
      <input_file id="fl-2e">
         <path>C:\ruanjian\ti\ccs2040\simplelink_cc13xx_cc26xx_sdk_8_32_00_07\source\ti\devices\cc13x2_cc26x2\driverlib\bin\ticlang\</path>
         <kind>archive</kind>
         <file>driverlib.lib</file>
         <name>aux_sysif.c.obj</name>
      </input_file>
      <input_file id="fl-2f">
         <path>C:\ruanjian\ti\ccs2040\simplelink_cc13xx_cc26xx_sdk_8_32_00_07\source\ti\devices\cc13x2_cc26x2\driverlib\bin\ticlang\</path>
         <kind>archive</kind>
         <file>driverlib.lib</file>
         <name>chipinfo.c.obj</name>
      </input_file>
      <input_file id="fl-46">
         <path>C:\ruanjian\ti\ccs2040\ccs\tools\compiler\ti-cgt-armllvm_4.0.4.LTS\lib\armv7em-ti-none-eabihf\c\</path>
         <kind>archive</kind>
         <file>libc.a</file>
         <name>memory.c.obj</name>
      </input_file>
      <input_file id="fl-47">
         <path>C:\ruanjian\ti\ccs2040\ccs\tools\compiler\ti-cgt-armllvm_4.0.4.LTS\lib\armv7em-ti-none-eabihf\c\</path>
         <kind>archive</kind>
         <file>libc.a</file>
         <name>boot_cortex_m.c.obj</name>
      </input_file>
      <input_file id="fl-48">
         <path>C:\ruanjian\ti\ccs2040\ccs\tools\compiler\ti-cgt-armllvm_4.0.4.LTS\lib\armv7em-ti-none-eabihf\c\</path>
         <kind>archive</kind>
         <file>libc.a</file>
         <name>mathacl_init.c.obj</name>
      </input_file>
      <input_file id="fl-49">
         <path>C:\ruanjian\ti\ccs2040\ccs\tools\compiler\ti-cgt-armllvm_4.0.4.LTS\lib\armv7em-ti-none-eabihf\c\</path>
         <kind>archive</kind>
         <file>libc.a</file>
         <name>autoinit.c.obj</name>
      </input_file>
      <input_file id="fl-4a">
         <path>C:\ruanjian\ti\ccs2040\ccs\tools\compiler\ti-cgt-armllvm_4.0.4.LTS\lib\armv7em-ti-none-eabihf\c\</path>
         <kind>archive</kind>
         <file>libc.a</file>
         <name>pre_init.c.obj</name>
      </input_file>
      <input_file id="fl-4b">
         <path>C:\ruanjian\ti\ccs2040\ccs\tools\compiler\ti-cgt-armllvm_4.0.4.LTS\lib\armv7em-ti-none-eabihf\c\</path>
         <kind>archive</kind>
         <file>libc.a</file>
         <name>cpy_tbl.c.obj</name>
      </input_file>
      <input_file id="fl-4c">
         <path>C:\ruanjian\ti\ccs2040\ccs\tools\compiler\ti-cgt-armllvm_4.0.4.LTS\lib\armv7em-ti-none-eabihf\c\</path>
         <kind>archive</kind>
         <file>libc.a</file>
         <name>copy_zero_init.c.obj</name>
      </input_file>
      <input_file id="fl-4d">
         <path>C:\ruanjian\ti\ccs2040\ccs\tools\compiler\ti-cgt-armllvm_4.0.4.LTS\lib\armv7em-ti-none-eabihf\c\</path>
         <kind>archive</kind>
         <file>libc.a</file>
         <name>copy_decompress_none.c.obj</name>
      </input_file>
      <input_file id="fl-4e">
         <path>C:\ruanjian\ti\ccs2040\ccs\tools\compiler\ti-cgt-armllvm_4.0.4.LTS\lib\armv7em-ti-none-eabihf\c\</path>
         <kind>archive</kind>
         <file>libc.a</file>
         <name>copy_decompress_lzss.c.obj</name>
      </input_file>
      <input_file id="fl-4f">
         <path>C:\ruanjian\ti\ccs2040\ccs\tools\compiler\ti-cgt-armllvm_4.0.4.LTS\lib\armv7em-ti-none-eabihf\c\</path>
         <kind>archive</kind>
         <file>libc.a</file>
         <name>exit.c.obj</name>
      </input_file>
      <input_file id="fl-50">
         <path>C:\ruanjian\ti\ccs2040\ccs\tools\compiler\ti-cgt-armllvm_4.0.4.LTS\lib\armv7em-ti-none-eabihf\c\</path>
         <kind>archive</kind>
         <file>libc.a</file>
         <name>_lock.c.obj</name>
      </input_file>
      <input_file id="fl-51">
         <path>C:\ruanjian\ti\ccs2040\ccs\tools\compiler\ti-cgt-armllvm_4.0.4.LTS\lib\armv7em-ti-none-eabihf\c\</path>
         <kind>archive</kind>
         <file>libc.a</file>
         <name>args_main.c.obj</name>
      </input_file>
      <input_file id="fl-f1">
         <path>C:\ruanjian\ti\ccs2040\ccs\tools\compiler\ti-cgt-armllvm_4.0.4.LTS\lib\armv7em-ti-none-eabihf\c\</path>
         <kind>archive</kind>
         <file>libsysbm.a</file>
         <name>hostexit.c.obj</name>
      </input_file>
      <input_file id="fl-f2">
         <path>C:\ruanjian\ti\ccs2040\ccs\tools\compiler\ti-cgt-armllvm_4.0.4.LTS\lib\armv7em-ti-none-eabihf\</path>
         <kind>archive</kind>
         <file>libclang_rt.builtins.a</file>
         <name>ashldi3.S.obj</name>
      </input_file>
      <input_file id="fl-f3">
         <path>C:\ruanjian\ti\ccs2040\ccs\tools\compiler\ti-cgt-armllvm_4.0.4.LTS\lib\armv7em-ti-none-eabihf\</path>
         <kind>archive</kind>
         <file>libclang_rt.builtins.a</file>
         <name>ashrdi3.S.obj</name>
      </input_file>
      <input_file id="fl-f4">
         <path>C:\ruanjian\ti\ccs2040\ccs\tools\compiler\ti-cgt-armllvm_4.0.4.LTS\lib\armv7em-ti-none-eabihf\</path>
         <kind>archive</kind>
         <file>libclang_rt.builtins.a</file>
         <name>aeabi_ldivmod.S.obj</name>
      </input_file>
      <input_file id="fl-f5">
         <path>C:\ruanjian\ti\ccs2040\ccs\tools\compiler\ti-cgt-armllvm_4.0.4.LTS\lib\armv7em-ti-none-eabihf\</path>
         <kind>archive</kind>
         <file>libclang_rt.builtins.a</file>
         <name>aeabi_memcpy.S.obj</name>
      </input_file>
      <input_file id="fl-f6">
         <path>C:\ruanjian\ti\ccs2040\ccs\tools\compiler\ti-cgt-armllvm_4.0.4.LTS\lib\armv7em-ti-none-eabihf\</path>
         <kind>archive</kind>
         <file>libclang_rt.builtins.a</file>
         <name>aeabi_memset.S.obj</name>
      </input_file>
      <input_file id="fl-f7">
         <path>C:\ruanjian\ti\ccs2040\ccs\tools\compiler\ti-cgt-armllvm_4.0.4.LTS\lib\armv7em-ti-none-eabihf\</path>
         <kind>archive</kind>
         <file>libclang_rt.builtins.a</file>
         <name>aeabi_uldivmod.S.obj</name>
      </input_file>
      <input_file id="fl-f8">
         <path>C:\ruanjian\ti\ccs2040\ccs\tools\compiler\ti-cgt-armllvm_4.0.4.LTS\lib\armv7em-ti-none-eabihf\</path>
         <kind>archive</kind>
         <file>libclang_rt.builtins.a</file>
         <name>udivmoddi4.S.obj</name>
      </input_file>
      <input_file id="fl-f9">
         <path>C:\ruanjian\ti\ccs2040\ccs\tools\compiler\ti-cgt-armllvm_4.0.4.LTS\lib\armv7em-ti-none-eabihf\</path>
         <kind>archive</kind>
         <file>libclang_rt.builtins.a</file>
         <name>divmoddi4.c.obj</name>
      </input_file>
      <input_file id="fl-fa">
         <path>C:\ruanjian\ti\ccs2040\ccs\tools\compiler\ti-cgt-armllvm_4.0.4.LTS\lib\armv7em-ti-none-eabihf\</path>
         <kind>archive</kind>
         <file>libclang_rt.builtins.a</file>
         <name>aeabi_div0.c.obj</name>
      </input_file>
      <input_file id="fl-fb">
         <path>C:\ruanjian\ti\ccs2040\ccs\tools\compiler\ti-cgt-armllvm_4.0.4.LTS\lib\armv7em-ti-none-eabihf\c\</path>
         <kind>archive</kind>
         <file>libc.a</file>
         <name>memcpy_t2.S.obj</name>
      </input_file>
      <input_file id="fl-fc">
         <path>C:\ruanjian\ti\ccs2040\ccs\tools\compiler\ti-cgt-armllvm_4.0.4.LTS\lib\armv7em-ti-none-eabihf\c\</path>
         <kind>archive</kind>
         <file>libc.a</file>
         <name>memset_t2.S.obj</name>
      </input_file>
   </input_file_list>
   <object_component_list>
      <object_component id="oc-1f">
         <name>.resetVecs</name>
         <load_address>0x0</load_address>
         <readonly>true</readonly>
         <run_address>0x0</run_address>
         <size>0xd8</size>
         <alignment>0x4</alignment>
         <input_file_ref idref="fl-1d"/>
      </object_component>
      <object_component id="oc-133">
         <name>.text.PowerCC26X2_auxISR</name>
         <load_address>0xd8</load_address>
         <readonly>true</readonly>
         <executable>true</executable>
         <run_address>0xd8</run_address>
         <size>0x194</size>
         <alignment>0x4</alignment>
         <input_file_ref idref="fl-22"/>
      </object_component>
      <object_component id="oc-1ce">
         <name>.text.Power_sleep</name>
         <load_address>0x26c</load_address>
         <readonly>true</readonly>
         <executable>true</executable>
         <run_address>0x26c</run_address>
         <size>0x158</size>
         <alignment>0x4</alignment>
         <input_file_ref idref="fl-21"/>
      </object_component>
      <object_component id="oc-ea">
         <name>.text.Power_init</name>
         <load_address>0x3c4</load_address>
         <readonly>true</readonly>
         <executable>true</executable>
         <run_address>0x3c4</run_address>
         <size>0x118</size>
         <alignment>0x4</alignment>
         <input_file_ref idref="fl-21"/>
      </object_component>
      <object_component id="oc-197">
         <name>.text.PowerCC26X2_calibrate</name>
         <load_address>0x4dc</load_address>
         <readonly>true</readonly>
         <executable>true</executable>
         <run_address>0x4dc</run_address>
         <size>0x10c</size>
         <alignment>0x4</alignment>
         <input_file_ref idref="fl-22"/>
      </object_component>
      <object_component id="oc-f0">
         <name>.text.GPIO_init</name>
         <load_address>0x5e8</load_address>
         <readonly>true</readonly>
         <executable>true</executable>
         <run_address>0x5e8</run_address>
         <size>0x100</size>
         <alignment>0x4</alignment>
         <input_file_ref idref="fl-24"/>
      </object_component>
      <object_component id="oc-210">
         <name>.text.NOROM_SysCtrlStandby</name>
         <load_address>0x6e8</load_address>
         <readonly>true</readonly>
         <executable>true</executable>
         <run_address>0x6e8</run_address>
         <size>0xe0</size>
         <alignment>0x4</alignment>
         <input_file_ref idref="fl-2d"/>
      </object_component>
      <object_component id="oc-17a">
         <name>.text.PowerCC26XX_standbyPolicy</name>
         <load_address>0x7c8</load_address>
         <readonly>true</readonly>
         <executable>true</executable>
         <run_address>0x7c8</run_address>
         <size>0xdc</size>
         <alignment>0x4</alignment>
         <input_file_ref idref="fl-1b"/>
      </object_component>
      <object_component id="oc-5f">
         <name>.text.NOROM_SetupTrimDevice</name>
         <load_address>0x8a4</load_address>
         <readonly>true</readonly>
         <executable>true</executable>
         <run_address>0x8a4</run_address>
         <size>0xd0</size>
         <alignment>0x4</alignment>
         <input_file_ref idref="fl-2c"/>
      </object_component>
      <object_component id="oc-178">
         <name>.text.configureXOSCHF</name>
         <load_address>0x974</load_address>
         <readonly>true</readonly>
         <executable>true</executable>
         <run_address>0x974</run_address>
         <size>0xd0</size>
         <alignment>0x4</alignment>
         <input_file_ref idref="fl-21"/>
      </object_component>
      <object_component id="oc-1b1">
         <name>.text.SwiP_construct</name>
         <load_address>0xa44</load_address>
         <readonly>true</readonly>
         <executable>true</executable>
         <run_address>0xa44</run_address>
         <size>0xc4</size>
         <alignment>0x4</alignment>
         <input_file_ref idref="fl-1e"/>
      </object_component>
      <object_component id="oc-1a6">
         <name>.text.GPIO_setConfigAndMux</name>
         <load_address>0xb08</load_address>
         <readonly>true</readonly>
         <executable>true</executable>
         <run_address>0xb08</run_address>
         <size>0xb0</size>
         <alignment>0x4</alignment>
         <input_file_ref idref="fl-20"/>
      </object_component>
      <object_component id="oc-138">
         <name>.text.Power_setDependency</name>
         <load_address>0xbb8</load_address>
         <readonly>true</readonly>
         <executable>true</executable>
         <run_address>0xbb8</run_address>
         <size>0xb0</size>
         <alignment>0x4</alignment>
         <input_file_ref idref="fl-21"/>
      </object_component>
      <object_component id="oc-7c">
         <name>.text.TrimAfterColdResetWakeupFromShutDown</name>
         <load_address>0xc68</load_address>
         <readonly>true</readonly>
         <executable>true</executable>
         <run_address>0xc68</run_address>
         <size>0xb0</size>
         <alignment>0x4</alignment>
         <input_file_ref idref="fl-2c"/>
      </object_component>
      <object_component id="oc-202">
         <name>.text</name>
         <load_address>0xd18</load_address>
         <readonly>true</readonly>
         <executable>true</executable>
         <run_address>0xd18</run_address>
         <size>0xb0</size>
         <alignment>0x4</alignment>
         <input_file_ref idref="fl-f8"/>
      </object_component>
      <object_component id="oc-1da">
         <name>.text.Power_releaseDependency</name>
         <load_address>0xdc8</load_address>
         <readonly>true</readonly>
         <executable>true</executable>
         <run_address>0xdc8</run_address>
         <size>0xac</size>
         <alignment>0x4</alignment>
         <input_file_ref idref="fl-21"/>
      </object_component>
      <object_component id="oc-1ba">
         <name>.text.ClockP_workFuncDynamic</name>
         <load_address>0xe74</load_address>
         <readonly>true</readonly>
         <executable>true</executable>
         <run_address>0xe74</run_address>
         <size>0xa4</size>
         <alignment>0x4</alignment>
         <input_file_ref idref="fl-18"/>
      </object_component>
      <object_component id="oc-1b8">
         <name>.text.TimerP_construct</name>
         <load_address>0xf18</load_address>
         <readonly>true</readonly>
         <executable>true</executable>
         <run_address>0xf18</run_address>
         <size>0xa0</size>
         <alignment>0x4</alignment>
         <input_file_ref idref="fl-1c"/>
      </object_component>
      <object_component id="oc-201">
         <name>.text.SwiP_dispatch</name>
         <load_address>0xfb8</load_address>
         <readonly>true</readonly>
         <executable>true</executable>
         <run_address>0xfb8</run_address>
         <size>0x90</size>
         <alignment>0x4</alignment>
         <input_file_ref idref="fl-1e"/>
      </object_component>
      <object_component id="oc-164">
         <name>.text.ClockP_startup</name>
         <load_address>0x1048</load_address>
         <readonly>true</readonly>
         <executable>true</executable>
         <run_address>0x1048</run_address>
         <size>0x7c</size>
         <alignment>0x4</alignment>
         <input_file_ref idref="fl-18"/>
      </object_component>
      <object_component id="oc-124">
         <name>.text.HwiP_construct</name>
         <load_address>0x10c4</load_address>
         <readonly>true</readonly>
         <executable>true</executable>
         <run_address>0x10c4</run_address>
         <size>0x7c</size>
         <alignment>0x4</alignment>
         <input_file_ref idref="fl-1a"/>
      </object_component>
      <object_component id="oc-21c">
         <name>.text.NOROM_SysCtrlSetRechargeBeforePowerDown</name>
         <load_address>0x1140</load_address>
         <readonly>true</readonly>
         <executable>true</executable>
         <run_address>0x1140</run_address>
         <size>0x78</size>
         <alignment>0x4</alignment>
         <input_file_ref idref="fl-2d"/>
      </object_component>
      <object_component id="oc-18a">
         <name>.text.PowerCC26X2_updateSubSecInc</name>
         <load_address>0x11b8</load_address>
         <readonly>true</readonly>
         <executable>true</executable>
         <run_address>0x11b8</run_address>
         <size>0x74</size>
         <alignment>0x4</alignment>
         <input_file_ref idref="fl-25"/>
      </object_component>
      <object_component id="oc-23">
         <name>.text:decompress:lzss</name>
         <load_address>0x122c</load_address>
         <readonly>true</readonly>
         <executable>true</executable>
         <run_address>0x122c</run_address>
         <size>0x74</size>
         <alignment>0x2</alignment>
         <input_file_ref idref="fl-4e"/>
      </object_component>
      <object_component id="oc-16b">
         <name>.text.ClockP_start</name>
         <load_address>0x12a0</load_address>
         <readonly>true</readonly>
         <executable>true</executable>
         <run_address>0x12a0</run_address>
         <size>0x70</size>
         <alignment>0x4</alignment>
         <input_file_ref idref="fl-18"/>
      </object_component>
      <object_component id="oc-132">
         <name>.text.oscillatorISR</name>
         <load_address>0x1310</load_address>
         <readonly>true</readonly>
         <executable>true</executable>
         <run_address>0x1310</run_address>
         <size>0x6c</size>
         <alignment>0x4</alignment>
         <input_file_ref idref="fl-21"/>
      </object_component>
      <object_component id="oc-1ee">
         <name>.text.ClockP_walkQueueDynamic</name>
         <load_address>0x137c</load_address>
         <readonly>true</readonly>
         <executable>true</executable>
         <run_address>0x137c</run_address>
         <size>0x68</size>
         <alignment>0x4</alignment>
         <input_file_ref idref="fl-18"/>
      </object_component>
      <object_component id="oc-1fe">
         <name>.text.NOROM_OSCHF_AttemptToSwitchToXosc</name>
         <load_address>0x13e4</load_address>
         <readonly>true</readonly>
         <executable>true</executable>
         <run_address>0x13e4</run_address>
         <size>0x64</size>
         <alignment>0x4</alignment>
         <input_file_ref idref="fl-2a"/>
      </object_component>
      <object_component id="oc-1d2">
         <name>.text.PowerCC26X2_initiateCalibration</name>
         <load_address>0x1448</load_address>
         <readonly>true</readonly>
         <executable>true</executable>
         <run_address>0x1448</run_address>
         <size>0x64</size>
         <alignment>0x4</alignment>
         <input_file_ref idref="fl-22"/>
      </object_component>
      <object_component id="oc-1ef">
         <name>.text.SwiP_post</name>
         <load_address>0x14ac</load_address>
         <readonly>true</readonly>
         <executable>true</executable>
         <run_address>0x14ac</run_address>
         <size>0x5c</size>
         <alignment>0x4</alignment>
         <input_file_ref idref="fl-1e"/>
      </object_component>
      <object_component id="oc-148">
         <name>.text.Board_sendExtFlashByte</name>
         <load_address>0x1508</load_address>
         <readonly>true</readonly>
         <executable>true</executable>
         <run_address>0x1508</run_address>
         <size>0x52</size>
         <alignment>0x2</alignment>
         <input_file_ref idref="fl-3"/>
      </object_component>
      <object_component id="oc-f8">
         <name>.text.Board_initHook</name>
         <load_address>0x155a</load_address>
         <readonly>true</readonly>
         <executable>true</executable>
         <run_address>0x155a</run_address>
         <size>0x2</size>
         <alignment>0x2</alignment>
         <input_file_ref idref="fl-3"/>
      </object_component>
      <object_component id="oc-f6">
         <name>.text.Board_shutDownExtFlash</name>
         <load_address>0x155c</load_address>
         <readonly>true</readonly>
         <executable>true</executable>
         <run_address>0x155c</run_address>
         <size>0x50</size>
         <alignment>0x4</alignment>
         <input_file_ref idref="fl-3"/>
      </object_component>
      <object_component id="oc-90">
         <name>.text.NOROM_ChipInfo_GetHwRevision</name>
         <load_address>0x15ac</load_address>
         <readonly>true</readonly>
         <executable>true</executable>
         <run_address>0x15ac</run_address>
         <size>0x4c</size>
         <alignment>0x4</alignment>
         <input_file_ref idref="fl-2f"/>
      </object_component>
      <object_component id="oc-182">
         <name>.text.switchXOSCHF</name>
         <load_address>0x15f8</load_address>
         <readonly>true</readonly>
         <executable>true</executable>
         <run_address>0x15f8</run_address>
         <size>0x4c</size>
         <alignment>0x4</alignment>
         <input_file_ref idref="fl-21"/>
      </object_component>
      <object_component id="oc-11f">
         <name>.text.ClockP_construct</name>
         <load_address>0x1644</load_address>
         <readonly>true</readonly>
         <executable>true</executable>
         <run_address>0x1644</run_address>
         <size>0x48</size>
         <alignment>0x4</alignment>
         <input_file_ref idref="fl-18"/>
      </object_component>
      <object_component id="oc-207">
         <name>.text.TimerP_start</name>
         <load_address>0x168c</load_address>
         <readonly>true</readonly>
         <executable>true</executable>
         <run_address>0x168c</run_address>
         <size>0x48</size>
         <alignment>0x4</alignment>
         <input_file_ref idref="fl-1c"/>
      </object_component>
      <object_component id="oc-142">
         <name>.text.GPIO_hwiIntFxn</name>
         <load_address>0x16d4</load_address>
         <readonly>true</readonly>
         <executable>true</executable>
         <run_address>0x16d4</run_address>
         <size>0x44</size>
         <alignment>0x4</alignment>
         <input_file_ref idref="fl-24"/>
      </object_component>
      <object_component id="oc-200">
         <name>.text.NOROM_PRCMPowerDomainsAllOff</name>
         <load_address>0x1718</load_address>
         <readonly>true</readonly>
         <executable>true</executable>
         <run_address>0x1718</run_address>
         <size>0x44</size>
         <alignment>0x4</alignment>
         <input_file_ref idref="fl-2b"/>
      </object_component>
      <object_component id="oc-198">
         <name>.text.NOROM_PRCMPowerDomainsAllOn</name>
         <load_address>0x175c</load_address>
         <readonly>true</readonly>
         <executable>true</executable>
         <run_address>0x175c</run_address>
         <size>0x44</size>
         <alignment>0x4</alignment>
         <input_file_ref idref="fl-2b"/>
      </object_component>
      <object_component id="oc-12c">
         <name>.text.PowerCC26X2_RCOSC_clockFunc</name>
         <load_address>0x17a0</load_address>
         <readonly>true</readonly>
         <executable>true</executable>
         <run_address>0x17a0</run_address>
         <size>0x40</size>
         <alignment>0x4</alignment>
         <input_file_ref idref="fl-22"/>
      </object_component>
      <object_component id="oc-1d9">
         <name>.text.PowerCC26X2_setAclkRefSrc</name>
         <load_address>0x17e0</load_address>
         <readonly>true</readonly>
         <executable>true</executable>
         <run_address>0x17e0</run_address>
         <size>0x40</size>
         <alignment>0x4</alignment>
         <input_file_ref idref="fl-25"/>
      </object_component>
      <object_component id="oc-14a">
         <name>.text.GPIO_resetConfig</name>
         <load_address>0x1820</load_address>
         <readonly>true</readonly>
         <executable>true</executable>
         <run_address>0x1820</run_address>
         <size>0x3c</size>
         <alignment>0x4</alignment>
         <input_file_ref idref="fl-1f"/>
      </object_component>
      <object_component id="oc-1d5">
         <name>.text.NOROM_OSC_HPOSCRelativeFrequencyOffsetGet</name>
         <load_address>0x185c</load_address>
         <readonly>true</readonly>
         <executable>true</executable>
         <run_address>0x185c</run_address>
         <size>0x3c</size>
         <alignment>0x4</alignment>
         <input_file_ref idref="fl-2a"/>
      </object_component>
      <object_component id="oc-1d8">
         <name>.text.PowerCC26X2_setTdcClkSrc24M</name>
         <load_address>0x1898</load_address>
         <readonly>true</readonly>
         <executable>true</executable>
         <run_address>0x1898</run_address>
         <size>0x3c</size>
         <alignment>0x4</alignment>
         <input_file_ref idref="fl-25"/>
      </object_component>
      <object_component id="oc-b7">
         <name>.text.InternCapArrayAdjustWithBaseline7001F</name>
         <load_address>0x18d4</load_address>
         <readonly>true</readonly>
         <executable>true</executable>
         <run_address>0x18d4</run_address>
         <size>0x38</size>
         <alignment>0x4</alignment>
         <input_file_ref idref="fl-2a"/>
      </object_component>
      <object_component id="oc-99">
         <name>.text.NOROM_AUXSYSIFOpModeChange</name>
         <load_address>0x190c</load_address>
         <readonly>true</readonly>
         <executable>true</executable>
         <run_address>0x190c</run_address>
         <size>0x38</size>
         <alignment>0x4</alignment>
         <input_file_ref idref="fl-2e"/>
      </object_component>
      <object_component id="oc-1f1">
         <name>.text.NOROM_OSCHF_SwitchToRcOscTurnOffXosc</name>
         <load_address>0x1944</load_address>
         <readonly>true</readonly>
         <executable>true</executable>
         <run_address>0x1944</run_address>
         <size>0x38</size>
         <alignment>0x4</alignment>
         <input_file_ref idref="fl-2a"/>
      </object_component>
      <object_component id="oc-1f7">
         <name>.text.NOROM_SysCtrlIdle</name>
         <load_address>0x197c</load_address>
         <readonly>true</readonly>
         <executable>true</executable>
         <run_address>0x197c</run_address>
         <size>0x38</size>
         <alignment>0x4</alignment>
         <input_file_ref idref="fl-2d"/>
      </object_component>
      <object_component id="oc-20c">
         <name>.text.OSCHfSourceSwitch</name>
         <load_address>0x19b4</load_address>
         <readonly>true</readonly>
         <executable>true</executable>
         <run_address>0x19b4</run_address>
         <size>0x38</size>
         <alignment>0x4</alignment>
         <input_file_ref idref="fl-2a"/>
      </object_component>
      <object_component id="oc-127">
         <name>.text.PowerCC26X2_oscDisableQualifiers</name>
         <load_address>0x19ec</load_address>
         <readonly>true</readonly>
         <executable>true</executable>
         <run_address>0x19ec</run_address>
         <size>0x38</size>
         <alignment>0x4</alignment>
         <input_file_ref idref="fl-26"/>
      </object_component>
      <object_component id="oc-20f">
         <name>.text.SwiP_restore</name>
         <load_address>0x1a24</load_address>
         <readonly>true</readonly>
         <executable>true</executable>
         <run_address>0x1a24</run_address>
         <size>0x38</size>
         <alignment>0x4</alignment>
         <input_file_ref idref="fl-1e"/>
      </object_component>
      <object_component id="oc-d7">
         <name>.text:__TI_auto_init_nobinit_nopinit</name>
         <load_address>0x1a5c</load_address>
         <readonly>true</readonly>
         <executable>true</executable>
         <run_address>0x1a5c</run_address>
         <size>0x38</size>
         <alignment>0x4</alignment>
         <input_file_ref idref="fl-49"/>
      </object_component>
      <object_component id="oc-185">
         <name>.text.PowerCC26X2_setSubSecIncToXoscLf</name>
         <load_address>0x1a94</load_address>
         <readonly>true</readonly>
         <executable>true</executable>
         <run_address>0x1a94</run_address>
         <size>0x34</size>
         <alignment>0x4</alignment>
         <input_file_ref idref="fl-26"/>
      </object_component>
      <object_component id="oc-187">
         <name>.text.Power_releaseConstraint</name>
         <load_address>0x1ac8</load_address>
         <readonly>true</readonly>
         <executable>true</executable>
         <run_address>0x1ac8</run_address>
         <size>0x34</size>
         <alignment>0x4</alignment>
         <input_file_ref idref="fl-21"/>
      </object_component>
      <object_component id="oc-1be">
         <name>.text.TimerP_getCurrentTick</name>
         <load_address>0x1afc</load_address>
         <readonly>true</readonly>
         <executable>true</executable>
         <run_address>0x1afc</run_address>
         <size>0x34</size>
         <alignment>0x4</alignment>
         <input_file_ref idref="fl-1c"/>
      </object_component>
      <object_component id="oc-147">
         <name>.text.Board_wakeUpExtFlash</name>
         <load_address>0x1b30</load_address>
         <readonly>true</readonly>
         <executable>true</executable>
         <run_address>0x1b30</run_address>
         <size>0x30</size>
         <alignment>0x4</alignment>
         <input_file_ref idref="fl-3"/>
      </object_component>
      <object_component id="oc-1cb">
         <name>.text.ClockP_getTicksUntilInterrupt</name>
         <load_address>0x1b60</load_address>
         <readonly>true</readonly>
         <executable>true</executable>
         <run_address>0x1b60</run_address>
         <size>0x30</size>
         <alignment>0x4</alignment>
         <input_file_ref idref="fl-18"/>
      </object_component>
      <object_component id="oc-126">
         <name>.text.Power_setConstraint</name>
         <load_address>0x1b90</load_address>
         <readonly>true</readonly>
         <executable>true</executable>
         <run_address>0x1b90</run_address>
         <size>0x30</size>
         <alignment>0x4</alignment>
         <input_file_ref idref="fl-21"/>
      </object_component>
      <object_component id="oc-b6">
         <name>.text.SpecialCapArrayWorkaroundEnabledAndNeeded</name>
         <load_address>0x1bc0</load_address>
         <readonly>true</readonly>
         <executable>true</executable>
         <run_address>0x1bc0</run_address>
         <size>0x30</size>
         <alignment>0x4</alignment>
         <input_file_ref idref="fl-2a"/>
      </object_component>
      <object_component id="oc-188">
         <name>.text.notify</name>
         <load_address>0x1bf0</load_address>
         <readonly>true</readonly>
         <executable>true</executable>
         <run_address>0x1bf0</run_address>
         <size>0x30</size>
         <alignment>0x4</alignment>
         <input_file_ref idref="fl-21"/>
      </object_component>
      <object_component id="oc-83">
         <name>.text:_c_int00</name>
         <load_address>0x1c20</load_address>
         <readonly>true</readonly>
         <executable>true</executable>
         <run_address>0x1c20</run_address>
         <size>0x30</size>
         <alignment>0x4</alignment>
         <input_file_ref idref="fl-47"/>
      </object_component>
      <object_component id="oc-16e">
         <name>.text.NOROM_IntRegister</name>
         <load_address>0x1c50</load_address>
         <readonly>true</readonly>
         <executable>true</executable>
         <run_address>0x1c50</run_address>
         <size>0x2c</size>
         <alignment>0x4</alignment>
         <input_file_ref idref="fl-29"/>
      </object_component>
      <object_component id="oc-20b">
         <name>.text.TimerP_setThreshold</name>
         <load_address>0x1c7c</load_address>
         <readonly>true</readonly>
         <executable>true</executable>
         <run_address>0x1c7c</run_address>
         <size>0x2c</size>
         <alignment>0x4</alignment>
         <input_file_ref idref="fl-1c"/>
      </object_component>
      <object_component id="oc-1f0">
         <name>.text.TimerP_setNextTick</name>
         <load_address>0x1ca8</load_address>
         <readonly>true</readonly>
         <executable>true</executable>
         <run_address>0x1ca8</run_address>
         <size>0x2a</size>
         <alignment>0x2</alignment>
         <input_file_ref idref="fl-1c"/>
      </object_component>
      <object_component id="oc-215">
         <name>.text.__aeabi_ldiv0</name>
         <load_address>0x1cd2</load_address>
         <readonly>true</readonly>
         <executable>true</executable>
         <run_address>0x1cd2</run_address>
         <size>0x2</size>
         <alignment>0x2</alignment>
         <input_file_ref idref="fl-fa"/>
      </object_component>
      <object_component id="oc-93">
         <name>.text.NOROM_OSC_CapArrayAdjustWorkaround_Boot</name>
         <load_address>0x1cd4</load_address>
         <readonly>true</readonly>
         <executable>true</executable>
         <run_address>0x1cd4</run_address>
         <size>0x28</size>
         <alignment>0x4</alignment>
         <input_file_ref idref="fl-2a"/>
      </object_component>
      <object_component id="oc-76">
         <name>.text.NOROM_ThisLibraryIsFor_CC13x2_CC26x2_HwRev20AndLater_HaltIfViolated</name>
         <load_address>0x1cfc</load_address>
         <readonly>true</readonly>
         <executable>true</executable>
         <run_address>0x1cfc</run_address>
         <size>0x28</size>
         <alignment>0x4</alignment>
         <input_file_ref idref="fl-2f"/>
      </object_component>
      <object_component id="oc-1bf">
         <name>.text.ClockP_getTicks</name>
         <load_address>0x1d24</load_address>
         <readonly>true</readonly>
         <executable>true</executable>
         <run_address>0x1d24</run_address>
         <size>0x24</size>
         <alignment>0x4</alignment>
         <input_file_ref idref="fl-18"/>
      </object_component>
      <object_component id="oc-1d3">
         <name>.text.NOROM_OSCHF_TurnOnXosc</name>
         <load_address>0x1d48</load_address>
         <readonly>true</readonly>
         <executable>true</executable>
         <run_address>0x1d48</run_address>
         <size>0x24</size>
         <alignment>0x4</alignment>
         <input_file_ref idref="fl-2a"/>
      </object_component>
      <object_component id="oc-190">
         <name>.text.PowerCC26X2_writeCtrim</name>
         <load_address>0x1d6c</load_address>
         <readonly>true</readonly>
         <executable>true</executable>
         <run_address>0x1d6c</run_address>
         <size>0x24</size>
         <alignment>0x4</alignment>
         <input_file_ref idref="fl-25"/>
      </object_component>
      <object_component id="oc-191">
         <name>.text.PowerCC26X2_writeCtrimFract</name>
         <load_address>0x1d90</load_address>
         <readonly>true</readonly>
         <executable>true</executable>
         <run_address>0x1d90</run_address>
         <size>0x24</size>
         <alignment>0x4</alignment>
         <input_file_ref idref="fl-25"/>
      </object_component>
      <object_component id="oc-196">
         <name>.text.PowerCC26X2_writeCtrimFractEn</name>
         <load_address>0x1db4</load_address>
         <readonly>true</readonly>
         <executable>true</executable>
         <run_address>0x1db4</run_address>
         <size>0x24</size>
         <alignment>0x4</alignment>
         <input_file_ref idref="fl-25"/>
      </object_component>
      <object_component id="oc-192">
         <name>.text.PowerCC26X2_writeRtrim</name>
         <load_address>0x1dd8</load_address>
         <readonly>true</readonly>
         <executable>true</executable>
         <run_address>0x1dd8</run_address>
         <size>0x24</size>
         <alignment>0x4</alignment>
         <input_file_ref idref="fl-25"/>
      </object_component>
      <object_component id="oc-1b9">
         <name>.text.TimerP_getMaxTicks</name>
         <load_address>0x1dfc</load_address>
         <readonly>true</readonly>
         <executable>true</executable>
         <run_address>0x1dfc</run_address>
         <size>0x22</size>
         <alignment>0x2</alignment>
         <input_file_ref idref="fl-1c"/>
      </object_component>
      <object_component id="oc-12b">
         <name>.text.emptyClockFunc</name>
         <load_address>0x1e1e</load_address>
         <readonly>true</readonly>
         <executable>true</executable>
         <run_address>0x1e1e</run_address>
         <size>0x2</size>
         <alignment>0x2</alignment>
         <input_file_ref idref="fl-21"/>
      </object_component>
      <object_component id="oc-1c0">
         <name>.text.ClockP_scheduleNextTick</name>
         <load_address>0x1e20</load_address>
         <readonly>true</readonly>
         <executable>true</executable>
         <run_address>0x1e20</run_address>
         <size>0x20</size>
         <alignment>0x4</alignment>
         <input_file_ref idref="fl-18"/>
      </object_component>
      <object_component id="oc-1c7">
         <name>.text.PowerCC26X2_disableTCXOQual</name>
         <load_address>0x1e40</load_address>
         <readonly>true</readonly>
         <executable>true</executable>
         <run_address>0x1e40</run_address>
         <size>0x20</size>
         <alignment>0x4</alignment>
         <input_file_ref idref="fl-26"/>
      </object_component>
      <object_component id="oc-1c4">
         <name>.text.PowerCC26X2_enableTCXOQual</name>
         <load_address>0x1e60</load_address>
         <readonly>true</readonly>
         <executable>true</executable>
         <run_address>0x1e60</run_address>
         <size>0x20</size>
         <alignment>0x4</alignment>
         <input_file_ref idref="fl-26"/>
      </object_component>
      <object_component id="oc-165">
         <name>.text.QueueP_put</name>
         <load_address>0x1e80</load_address>
         <readonly>true</readonly>
         <executable>true</executable>
         <run_address>0x1e80</run_address>
         <size>0x1e</size>
         <alignment>0x2</alignment>
         <input_file_ref idref="fl-19"/>
      </object_component>
      <object_component id="oc-3f">
         <name>.text.faultISR</name>
         <load_address>0x1e9e</load_address>
         <readonly>true</readonly>
         <executable>true</executable>
         <run_address>0x1e9e</run_address>
         <size>0x2</size>
         <alignment>0x2</alignment>
         <input_file_ref idref="fl-1d"/>
      </object_component>
      <object_component id="oc-176">
         <name>.text.HwiP_dispatch</name>
         <load_address>0x1ea0</load_address>
         <readonly>true</readonly>
         <executable>true</executable>
         <run_address>0x1ea0</run_address>
         <size>0x1c</size>
         <alignment>0x4</alignment>
         <input_file_ref idref="fl-1a"/>
      </object_component>
      <object_component id="oc-1cc">
         <name>.text.Power_getTransitionLatency</name>
         <load_address>0x1ebc</load_address>
         <readonly>true</readonly>
         <executable>true</executable>
         <run_address>0x1ebc</run_address>
         <size>0x1c</size>
         <alignment>0x2</alignment>
         <input_file_ref idref="fl-21"/>
      </object_component>
      <object_component id="oc-20d">
         <name>.text.SwiP_disable</name>
         <load_address>0x1ed8</load_address>
         <readonly>true</readonly>
         <executable>true</executable>
         <run_address>0x1ed8</run_address>
         <size>0x1c</size>
         <alignment>0x4</alignment>
         <input_file_ref idref="fl-1e"/>
      </object_component>
      <object_component id="oc-2c">
         <name>.text.resetISR</name>
         <load_address>0x1ef4</load_address>
         <readonly>true</readonly>
         <executable>true</executable>
         <run_address>0x1ef4</run_address>
         <size>0x1c</size>
         <alignment>0x4</alignment>
         <input_file_ref idref="fl-1d"/>
      </object_component>
      <object_component id="oc-213">
         <name>.text.QueueP_get</name>
         <load_address>0x1f10</load_address>
         <readonly>true</readonly>
         <executable>true</executable>
         <run_address>0x1f10</run_address>
         <size>0x1a</size>
         <alignment>0x2</alignment>
         <input_file_ref idref="fl-19"/>
      </object_component>
      <object_component id="oc-40">
         <name>.text.intDefaultHandler</name>
         <load_address>0x1f2a</load_address>
         <readonly>true</readonly>
         <executable>true</executable>
         <run_address>0x1f2a</run_address>
         <size>0x2</size>
         <alignment>0x2</alignment>
         <input_file_ref idref="fl-1d"/>
      </object_component>
      <object_component id="oc-1a7">
         <name>.text.GPIO_disableInt</name>
         <load_address>0x1f2c</load_address>
         <readonly>true</readonly>
         <executable>true</executable>
         <run_address>0x1f2c</run_address>
         <size>0x18</size>
         <alignment>0x4</alignment>
         <input_file_ref idref="fl-20"/>
      </object_component>
      <object_component id="oc-180">
         <name>.text.PowerCC26XX_calibrate</name>
         <load_address>0x1f44</load_address>
         <readonly>true</readonly>
         <executable>true</executable>
         <run_address>0x1f44</run_address>
         <size>0x18</size>
         <alignment>0x2</alignment>
         <input_file_ref idref="fl-21"/>
      </object_component>
      <object_component id="oc-1ed">
         <name>.text.TimerP_dynamicStub</name>
         <load_address>0x1f5c</load_address>
         <readonly>true</readonly>
         <executable>true</executable>
         <run_address>0x1f5c</run_address>
         <size>0x18</size>
         <alignment>0x4</alignment>
         <input_file_ref idref="fl-1c"/>
      </object_component>
      <object_component id="oc-c0">
         <name>.text.Board_init</name>
         <load_address>0x1f74</load_address>
         <readonly>true</readonly>
         <executable>true</executable>
         <run_address>0x1f74</run_address>
         <size>0x16</size>
         <alignment>0x2</alignment>
         <input_file_ref idref="fl-3"/>
      </object_component>
      <object_component id="oc-1e2">
         <name>.text.SwiP_handleHwi</name>
         <load_address>0x1f8a</load_address>
         <readonly>true</readonly>
         <executable>true</executable>
         <run_address>0x1f8a</run_address>
         <size>0x16</size>
         <alignment>0x2</alignment>
         <input_file_ref idref="fl-1e"/>
      </object_component>
      <object_component id="oc-1ea">
         <name>.text.TimerP_startup</name>
         <load_address>0x1fa0</load_address>
         <readonly>true</readonly>
         <executable>true</executable>
         <run_address>0x1fa0</run_address>
         <size>0x14</size>
         <alignment>0x4</alignment>
         <input_file_ref idref="fl-1c"/>
      </object_component>
      <object_component id="oc-1e6">
         <name>.text.__aeabi_uldivmod</name>
         <load_address>0x1fb4</load_address>
         <readonly>true</readonly>
         <executable>true</executable>
         <run_address>0x1fb4</run_address>
         <size>0x14</size>
         <alignment>0x4</alignment>
         <input_file_ref idref="fl-f7"/>
      </object_component>
      <object_component id="oc-a7">
         <name>.text._args_main</name>
         <load_address>0x1fc8</load_address>
         <readonly>true</readonly>
         <executable>true</executable>
         <run_address>0x1fc8</run_address>
         <size>0x14</size>
         <alignment>0x4</alignment>
         <input_file_ref idref="fl-51"/>
      </object_component>
      <object_component id="oc-139">
         <name>.text.HwiP_Params_init</name>
         <load_address>0x1fdc</load_address>
         <readonly>true</readonly>
         <executable>true</executable>
         <run_address>0x1fdc</run_address>
         <size>0x12</size>
         <alignment>0x2</alignment>
         <input_file_ref idref="fl-1a"/>
      </object_component>
      <object_component id="oc-88">
         <name>.text:TI_memcpy_small</name>
         <load_address>0x1fee</load_address>
         <readonly>true</readonly>
         <executable>true</executable>
         <run_address>0x1fee</run_address>
         <size>0x12</size>
         <alignment>0x1</alignment>
         <input_file_ref idref="fl-fb"/>
      </object_component>
      <object_component id="oc-53">
         <name>.text:decompress:ZI:__TI_zero_init_nomemset</name>
         <load_address>0x2000</load_address>
         <readonly>true</readonly>
         <executable>true</executable>
         <run_address>0x2000</run_address>
         <size>0x12</size>
         <alignment>0x2</alignment>
         <input_file_ref idref="fl-4c"/>
      </object_component>
      <object_component id="oc-ca">
         <name>.text.mainThread</name>
         <load_address>0x2012</load_address>
         <readonly>true</readonly>
         <executable>true</executable>
         <run_address>0x2012</run_address>
         <size>0x2</size>
         <alignment>0x2</alignment>
         <input_file_ref idref="fl-1"/>
      </object_component>
      <object_component id="oc-13a">
         <name>.text.GPIO_write</name>
         <load_address>0x2014</load_address>
         <readonly>true</readonly>
         <executable>true</executable>
         <run_address>0x2014</run_address>
         <size>0x10</size>
         <alignment>0x4</alignment>
         <input_file_ref idref="fl-20"/>
      </object_component>
      <object_component id="oc-121">
         <name>.text.PowerCC26X2_oscCtlClearXtal</name>
         <load_address>0x2024</load_address>
         <readonly>true</readonly>
         <executable>true</executable>
         <run_address>0x2024</run_address>
         <size>0x10</size>
         <alignment>0x4</alignment>
         <input_file_ref idref="fl-26"/>
      </object_component>
      <object_component id="oc-1f5">
         <name>.text.PowerCC26X2_prcmEnableCacheRetention</name>
         <load_address>0x2034</load_address>
         <readonly>true</readonly>
         <executable>true</executable>
         <run_address>0x2034</run_address>
         <size>0x10</size>
         <alignment>0x4</alignment>
         <input_file_ref idref="fl-26"/>
      </object_component>
      <object_component id="oc-193">
         <name>.text.PowerCC26X2_readCtrim</name>
         <load_address>0x2044</load_address>
         <readonly>true</readonly>
         <executable>true</executable>
         <run_address>0x2044</run_address>
         <size>0x10</size>
         <alignment>0x4</alignment>
         <input_file_ref idref="fl-25"/>
      </object_component>
      <object_component id="oc-194">
         <name>.text.PowerCC26X2_readCtrimFract</name>
         <load_address>0x2054</load_address>
         <readonly>true</readonly>
         <executable>true</executable>
         <run_address>0x2054</run_address>
         <size>0x10</size>
         <alignment>0x4</alignment>
         <input_file_ref idref="fl-25"/>
      </object_component>
      <object_component id="oc-195">
         <name>.text.PowerCC26X2_readRtrim</name>
         <load_address>0x2064</load_address>
         <readonly>true</readonly>
         <executable>true</executable>
         <run_address>0x2064</run_address>
         <size>0x10</size>
         <alignment>0x4</alignment>
         <input_file_ref idref="fl-25"/>
      </object_component>
      <object_component id="oc-181">
         <name>.text.PowerCC26X2_switchToTCXO</name>
         <load_address>0x2074</load_address>
         <readonly>true</readonly>
         <executable>true</executable>
         <run_address>0x2074</run_address>
         <size>0x10</size>
         <alignment>0x4</alignment>
         <input_file_ref idref="fl-26"/>
      </object_component>
      <object_component id="oc-1f2">
         <name>.text.PowerCC26XX_schedulerDisable</name>
         <load_address>0x2084</load_address>
         <readonly>true</readonly>
         <executable>true</executable>
         <run_address>0x2084</run_address>
         <size>0x10</size>
         <alignment>0x4</alignment>
         <input_file_ref idref="fl-1b"/>
      </object_component>
      <object_component id="oc-1ab">
         <name>.text.SwiP_Params_init</name>
         <load_address>0x2094</load_address>
         <readonly>true</readonly>
         <executable>true</executable>
         <run_address>0x2094</run_address>
         <size>0x10</size>
         <alignment>0x4</alignment>
         <input_file_ref idref="fl-1e"/>
      </object_component>
      <object_component id="oc-1b2">
         <name>.text.TimerP_Params_init</name>
         <load_address>0x20a4</load_address>
         <readonly>true</readonly>
         <executable>true</executable>
         <run_address>0x20a4</run_address>
         <size>0x10</size>
         <alignment>0x4</alignment>
         <input_file_ref idref="fl-1c"/>
      </object_component>
      <object_component id="oc-a1">
         <name>.text.main</name>
         <load_address>0x20b4</load_address>
         <readonly>true</readonly>
         <executable>true</executable>
         <run_address>0x20b4</run_address>
         <size>0x10</size>
         <alignment>0x2</alignment>
         <input_file_ref idref="fl-4"/>
      </object_component>
      <object_component id="oc-136">
         <name>.text.HwiP_disable</name>
         <load_address>0x20c4</load_address>
         <readonly>true</readonly>
         <executable>true</executable>
         <run_address>0x20c4</run_address>
         <size>0xe</size>
         <alignment>0x2</alignment>
         <input_file_ref idref="fl-1a"/>
      </object_component>
      <object_component id="oc-123">
         <name>.text.OUTLINED_FUNCTION_0</name>
         <load_address>0x20d2</load_address>
         <readonly>true</readonly>
         <executable>true</executable>
         <run_address>0x20d2</run_address>
         <size>0xe</size>
         <alignment>0x2</alignment>
         <input_file_ref idref="fl-21"/>
      </object_component>
      <object_component id="oc-12a">
         <name>.text.switchToTCXO</name>
         <load_address>0x20e0</load_address>
         <readonly>true</readonly>
         <executable>true</executable>
         <run_address>0x20e0</run_address>
         <size>0xe</size>
         <alignment>0x2</alignment>
         <input_file_ref idref="fl-21"/>
      </object_component>
      <object_component id="oc-27">
         <name>.text:decompress:none</name>
         <load_address>0x20ee</load_address>
         <readonly>true</readonly>
         <executable>true</executable>
         <run_address>0x20ee</run_address>
         <size>0xe</size>
         <alignment>0x2</alignment>
         <input_file_ref idref="fl-4d"/>
      </object_component>
      <object_component id="oc-1bb">
         <name>.text.ClockP_doTick</name>
         <load_address>0x20fc</load_address>
         <readonly>true</readonly>
         <executable>true</executable>
         <run_address>0x20fc</run_address>
         <size>0xc</size>
         <alignment>0x4</alignment>
         <input_file_ref idref="fl-18"/>
      </object_component>
      <object_component id="oc-11a">
         <name>.text.ClockP_getSystemTickPeriod</name>
         <load_address>0x2108</load_address>
         <readonly>true</readonly>
         <executable>true</executable>
         <run_address>0x2108</run_address>
         <size>0xc</size>
         <alignment>0x4</alignment>
         <input_file_ref idref="fl-18"/>
      </object_component>
      <object_component id="oc-20a">
         <name>.text.HwiP_post</name>
         <load_address>0x2114</load_address>
         <readonly>true</readonly>
         <executable>true</executable>
         <run_address>0x2114</run_address>
         <size>0xc</size>
         <alignment>0x4</alignment>
         <input_file_ref idref="fl-1a"/>
      </object_component>
      <object_component id="oc-186">
         <name>.text.PowerCC26X2_oscClockSourceGet</name>
         <load_address>0x2120</load_address>
         <readonly>true</readonly>
         <executable>true</executable>
         <run_address>0x2120</run_address>
         <size>0xc</size>
         <alignment>0x4</alignment>
         <input_file_ref idref="fl-26"/>
      </object_component>
      <object_component id="oc-1f6">
         <name>.text.PowerCC26X2_setPeriphDeepSleepEnable</name>
         <load_address>0x212c</load_address>
         <readonly>true</readonly>
         <executable>true</executable>
         <run_address>0x212c</run_address>
         <size>0xc</size>
         <alignment>0x4</alignment>
         <input_file_ref idref="fl-26"/>
      </object_component>
      <object_component id="oc-115">
         <name>.text.PowerCC26X2_sysCtrlGetResetSource</name>
         <load_address>0x2138</load_address>
         <readonly>true</readonly>
         <executable>true</executable>
         <run_address>0x2138</run_address>
         <size>0xc</size>
         <alignment>0x4</alignment>
         <input_file_ref idref="fl-26"/>
      </object_component>
      <object_component id="oc-1c9">
         <name>.text.PowerCC26X2_sysCtrlUpdateVoltageRegulator</name>
         <load_address>0x2144</load_address>
         <readonly>true</readonly>
         <executable>true</executable>
         <run_address>0x2144</run_address>
         <size>0xc</size>
         <alignment>0x4</alignment>
         <input_file_ref idref="fl-26"/>
      </object_component>
      <object_component id="oc-1f3">
         <name>.text.PowerCC26XX_schedulerRestore</name>
         <load_address>0x2150</load_address>
         <readonly>true</readonly>
         <executable>true</executable>
         <run_address>0x2150</run_address>
         <size>0xc</size>
         <alignment>0x4</alignment>
         <input_file_ref idref="fl-1b"/>
      </object_component>
      <object_component id="oc-1ca">
         <name>.text.Power_getConstraintMask</name>
         <load_address>0x215c</load_address>
         <readonly>true</readonly>
         <executable>true</executable>
         <run_address>0x215c</run_address>
         <size>0xc</size>
         <alignment>0x4</alignment>
         <input_file_ref idref="fl-21"/>
      </object_component>
      <object_component id="oc-214">
         <name>.text.QueueP_empty</name>
         <load_address>0x2168</load_address>
         <readonly>true</readonly>
         <executable>true</executable>
         <run_address>0x2168</run_address>
         <size>0xc</size>
         <alignment>0x2</alignment>
         <input_file_ref idref="fl-19"/>
      </object_component>
      <object_component id="oc-122">
         <name>.text.ClockP_Params_init</name>
         <load_address>0x2174</load_address>
         <readonly>true</readonly>
         <executable>true</executable>
         <run_address>0x2174</run_address>
         <size>0xa</size>
         <alignment>0x2</alignment>
         <input_file_ref idref="fl-18"/>
      </object_component>
      <object_component id="oc-1f4">
         <name>.text.PowerCC26X2_sysCtrlStandby</name>
         <load_address>0x217e</load_address>
         <readonly>true</readonly>
         <executable>true</executable>
         <run_address>0x217e</run_address>
         <size>0xa</size>
         <alignment>0x2</alignment>
         <input_file_ref idref="fl-26"/>
      </object_component>
      <object_component id="oc-137">
         <name>.text.HwiP_restore</name>
         <load_address>0x2188</load_address>
         <readonly>true</readonly>
         <executable>true</executable>
         <run_address>0x2188</run_address>
         <size>0x8</size>
         <alignment>0x2</alignment>
         <input_file_ref idref="fl-1a"/>
      </object_component>
      <object_component id="oc-5a">
         <name>.text.NOROM_CPUcpsid</name>
         <load_address>0x2190</load_address>
         <readonly>true</readonly>
         <executable>true</executable>
         <run_address>0x2190</run_address>
         <size>0x8</size>
         <alignment>0x2</alignment>
         <input_file_ref idref="fl-28"/>
      </object_component>
      <object_component id="oc-150">
         <name>.text.NOROM_CPUcpsie</name>
         <load_address>0x2198</load_address>
         <readonly>true</readonly>
         <executable>true</executable>
         <run_address>0x2198</run_address>
         <size>0x8</size>
         <alignment>0x2</alignment>
         <input_file_ref idref="fl-28"/>
      </object_component>
      <object_component id="oc-1d4">
         <name>.text.PowerCC26X2_oschfTrySwitchToXosc</name>
         <load_address>0x21a0</load_address>
         <readonly>true</readonly>
         <executable>true</executable>
         <run_address>0x21a0</run_address>
         <size>0x8</size>
         <alignment>0x2</alignment>
         <input_file_ref idref="fl-26"/>
      </object_component>
      <object_component id="oc-1c6">
         <name>.text.ClockP_stop</name>
         <load_address>0x21a8</load_address>
         <readonly>true</readonly>
         <executable>true</executable>
         <run_address>0x21a8</run_address>
         <size>0x6</size>
         <alignment>0x2</alignment>
         <input_file_ref idref="fl-18"/>
      </object_component>
      <object_component id="oc-149">
         <name>.text.GPIO_setConfig</name>
         <load_address>0x21ae</load_address>
         <readonly>true</readonly>
         <executable>true</executable>
         <run_address>0x21ae</run_address>
         <size>0x6</size>
         <alignment>0x2</alignment>
         <input_file_ref idref="fl-20"/>
      </object_component>
      <object_component id="oc-1a5">
         <name>.text.NOROM_CPUdelay</name>
         <load_address>0x21b4</load_address>
         <readonly>true</readonly>
         <executable>true</executable>
         <run_address>0x21b4</run_address>
         <size>0x6</size>
         <alignment>0x2</alignment>
         <input_file_ref idref="fl-28"/>
      </object_component>
      <object_component id="oc-1aa">
         <name>.text.QueueP_init</name>
         <load_address>0x21ba</load_address>
         <readonly>true</readonly>
         <executable>true</executable>
         <run_address>0x21ba</run_address>
         <size>0x6</size>
         <alignment>0x2</alignment>
         <input_file_ref idref="fl-19"/>
      </object_component>
      <object_component id="oc-d0">
         <name>.text:abort</name>
         <load_address>0x21c0</load_address>
         <readonly>true</readonly>
         <executable>true</executable>
         <run_address>0x21c0</run_address>
         <size>0x6</size>
         <alignment>0x2</alignment>
         <input_file_ref idref="fl-4f"/>
      </object_component>
      <object_component id="oc-1cd">
         <name>.text.ClockP_setTimeout</name>
         <load_address>0x21c6</load_address>
         <readonly>true</readonly>
         <executable>true</executable>
         <run_address>0x21c6</run_address>
         <size>0x4</size>
         <alignment>0x2</alignment>
         <input_file_ref idref="fl-18"/>
      </object_component>
      <object_component id="oc-105">
         <name>.text.HOSTexit</name>
         <load_address>0x21ca</load_address>
         <readonly>true</readonly>
         <executable>true</executable>
         <run_address>0x21ca</run_address>
         <size>0x4</size>
         <alignment>0x2</alignment>
         <input_file_ref idref="fl-f1"/>
      </object_component>
      <object_component id="oc-fb">
         <name>.text.HwiP_enable</name>
         <load_address>0x21ce</load_address>
         <readonly>true</readonly>
         <executable>true</executable>
         <run_address>0x21ce</run_address>
         <size>0x4</size>
         <alignment>0x2</alignment>
         <input_file_ref idref="fl-1a"/>
      </object_component>
      <object_component id="oc-c5">
         <name>.text.NoRTOS_start</name>
         <load_address>0x21d2</load_address>
         <readonly>true</readonly>
         <executable>true</executable>
         <run_address>0x21d2</run_address>
         <size>0x4</size>
         <alignment>0x2</alignment>
         <input_file_ref idref="fl-16"/>
      </object_component>
      <object_component id="oc-1c5">
         <name>.text.PowerCC26X2_oschfSwitchToRcosc</name>
         <load_address>0x21d6</load_address>
         <readonly>true</readonly>
         <executable>true</executable>
         <run_address>0x21d6</run_address>
         <size>0x4</size>
         <alignment>0x2</alignment>
         <input_file_ref idref="fl-26"/>
      </object_component>
      <object_component id="oc-1cf">
         <name>.text.PowerCC26X2_sysCtrlIdle</name>
         <load_address>0x21da</load_address>
         <readonly>true</readonly>
         <executable>true</executable>
         <run_address>0x21da</run_address>
         <size>0x4</size>
         <alignment>0x2</alignment>
         <input_file_ref idref="fl-26"/>
      </object_component>
      <object_component id="oc-1c8">
         <name>.text.PowerCC26X2_turnOnXosc</name>
         <load_address>0x21de</load_address>
         <readonly>true</readonly>
         <executable>true</executable>
         <run_address>0x21de</run_address>
         <size>0x4</size>
         <alignment>0x2</alignment>
         <input_file_ref idref="fl-26"/>
      </object_component>
      <object_component id="oc-208">
         <name>.text.QueueP_head</name>
         <load_address>0x21e2</load_address>
         <readonly>true</readonly>
         <executable>true</executable>
         <run_address>0x21e2</run_address>
         <size>0x4</size>
         <alignment>0x2</alignment>
         <input_file_ref idref="fl-19"/>
      </object_component>
      <object_component id="oc-209">
         <name>.text.QueueP_next</name>
         <load_address>0x21e6</load_address>
         <readonly>true</readonly>
         <executable>true</executable>
         <run_address>0x21e6</run_address>
         <size>0x4</size>
         <alignment>0x2</alignment>
         <input_file_ref idref="fl-19"/>
      </object_component>
      <object_component id="oc-3e">
         <name>.text.nmiISR</name>
         <load_address>0x21ea</load_address>
         <readonly>true</readonly>
         <executable>true</executable>
         <run_address>0x21ea</run_address>
         <size>0x2</size>
         <alignment>0x2</alignment>
         <input_file_ref idref="fl-1d"/>
      </object_component>
      <object_component id="oc-4c">
         <name>.text.__aeabi_memcpy</name>
         <load_address>0x21ec</load_address>
         <readonly>true</readonly>
         <executable>true</executable>
         <run_address>0x21ec</run_address>
         <size>0x4</size>
         <alignment>0x4</alignment>
         <input_file_ref idref="fl-f5"/>
      </object_component>
      <object_component id="oc-9d">
         <name>.text._system_pre_init</name>
         <load_address>0x21f0</load_address>
         <readonly>true</readonly>
         <executable>true</executable>
         <run_address>0x21f0</run_address>
         <size>0x4</size>
         <alignment>0x2</alignment>
         <input_file_ref idref="fl-4a"/>
      </object_component>
      <object_component id="oc-177">
         <name>.text.configureRFCoreClocks</name>
         <load_address>0x21f4</load_address>
         <readonly>true</readonly>
         <executable>true</executable>
         <run_address>0x21f4</run_address>
         <size>0x4</size>
         <alignment>0x2</alignment>
         <input_file_ref idref="fl-21"/>
      </object_component>
      <object_component id="oc-179">
         <name>.text.nopResourceHandler</name>
         <load_address>0x21f8</load_address>
         <readonly>true</readonly>
         <executable>true</executable>
         <run_address>0x21f8</run_address>
         <size>0x4</size>
         <alignment>0x2</alignment>
         <input_file_ref idref="fl-21"/>
      </object_component>
      <object_component id="oc-19e">
         <name>.rodata.resourceDB</name>
         <load_address>0x21fc</load_address>
         <readonly>true</readonly>
         <run_address>0x21fc</run_address>
         <size>0x54</size>
         <alignment>0x2</alignment>
         <input_file_ref idref="fl-21"/>
      </object_component>
      <object_component id="oc-129">
         <name>.rodata.PowerCC26X2_config</name>
         <load_address>0x2250</load_address>
         <readonly>true</readonly>
         <run_address>0x2250</run_address>
         <size>0x14</size>
         <alignment>0x4</alignment>
         <input_file_ref idref="fl-3"/>
      </object_component>
      <object_component id="oc-140">
         <name>.rodata.GPIO_config</name>
         <load_address>0x2264</load_address>
         <readonly>true</readonly>
         <run_address>0x2264</run_address>
         <size>0x10</size>
         <alignment>0x4</alignment>
         <input_file_ref idref="fl-3"/>
      </object_component>
      <object_component id="oc-1dd">
         <name>.rodata.cst16</name>
         <load_address>0x2274</load_address>
         <readonly>true</readonly>
         <run_address>0x2274</run_address>
         <size>0x10</size>
         <alignment>0x4</alignment>
         <input_file_ref idref="fl-1e"/>
      </object_component>
      <object_component id="oc-16c">
         <name>.rodata.ClockP_defaultParams</name>
         <load_address>0x2284</load_address>
         <readonly>true</readonly>
         <run_address>0x2284</run_address>
         <size>0xc</size>
         <alignment>0x4</alignment>
         <input_file_ref idref="fl-18"/>
      </object_component>
      <object_component id="oc-1e3">
         <name>.rodata.TimerP_defaultParams</name>
         <load_address>0x2290</load_address>
         <readonly>true</readonly>
         <run_address>0x2290</run_address>
         <size>0xc</size>
         <alignment>0x4</alignment>
         <input_file_ref idref="fl-1c"/>
      </object_component>
      <object_component id="oc-ba">
         <name>.rodata.cst4</name>
         <load_address>0x229c</load_address>
         <readonly>true</readonly>
         <run_address>0x229c</run_address>
         <size>0x8</size>
         <alignment>0x1</alignment>
         <input_file_ref idref="fl-2e"/>
      </object_component>
      <object_component id="oc-144">
         <name>.rodata.GPIO_pinLowerBound</name>
         <load_address>0x22a4</load_address>
         <readonly>true</readonly>
         <run_address>0x22a4</run_address>
         <size>0x1</size>
         <alignment>0x1</alignment>
         <input_file_ref idref="fl-3"/>
      </object_component>
      <object_component id="oc-143">
         <name>.rodata.GPIO_pinUpperBound</name>
         <load_address>0x22a5</load_address>
         <readonly>true</readonly>
         <run_address>0x22a5</run_address>
         <size>0x1</size>
         <alignment>0x1</alignment>
         <input_file_ref idref="fl-3"/>
      </object_component>
      <object_component id="oc-228">
         <name>.binit</name>
         <load_address>0x0</load_address>
         <readonly>true</readonly>
         <run_address>0x0</run_address>
         <size>0x0</size>
         <alignment>0x4</alignment>
      </object_component>
      <object_component id="oc-263">
         <name>.cinit..data.load</name>
         <load_address>0x22b0</load_address>
         <readonly>true</readonly>
         <run_address>0x22b0</run_address>
         <size>0x39</size>
         <alignment>0x1</alignment>
      </object_component>
      <object_component id="oc-261">
         <name>__TI_handler_table</name>
         <load_address>0x22ec</load_address>
         <readonly>true</readonly>
         <run_address>0x22ec</run_address>
         <size>0xc</size>
         <alignment>0x4</alignment>
      </object_component>
      <object_component id="oc-264">
         <name>.cinit..bss.load</name>
         <load_address>0x22f8</load_address>
         <readonly>true</readonly>
         <run_address>0x22f8</run_address>
         <size>0x8</size>
         <alignment>0x4</alignment>
      </object_component>
      <object_component id="oc-262">
         <name>__TI_cinit_table</name>
         <load_address>0x2300</load_address>
         <readonly>true</readonly>
         <run_address>0x2300</run_address>
         <size>0x10</size>
         <alignment>0x4</alignment>
      </object_component>
      <object_component id="oc-1d">
         <name>.ccfg</name>
         <load_address>0x57fa8</load_address>
         <readonly>true</readonly>
         <run_address>0x57fa8</run_address>
         <size>0x58</size>
         <alignment>0x4</alignment>
         <input_file_ref idref="fl-2"/>
      </object_component>
      <object_component id="oc-1c1">
         <name>.ramVecs</name>
         <uninitialized>true</uninitialized>
         <readwrite>true</readwrite>
         <run_address>0x20004600</run_address>
         <size>0xd8</size>
         <alignment>0x100</alignment>
         <input_file_ref idref="fl-29"/>
      </object_component>
      <object_component id="oc-1a2">
         <name>.data.gpioPinConfigs</name>
         <load_address>0x2000424c</load_address>
         <readwrite>true</readwrite>
         <run_address>0x2000424c</run_address>
         <size>0x7c</size>
         <alignment>0x4</alignment>
         <input_file_ref idref="fl-3"/>
      </object_component>
      <object_component id="oc-161">
         <name>.data..L_MergedGlobals</name>
         <load_address>0x20004354</load_address>
         <readwrite>true</readwrite>
         <run_address>0x20004354</run_address>
         <size>0xc</size>
         <alignment>0x4</alignment>
         <input_file_ref idref="fl-18"/>
      </object_component>
      <object_component id="oc-174">
         <name>.data.HwiP_swiPIntNum</name>
         <load_address>0x20004360</load_address>
         <readwrite>true</readwrite>
         <run_address>0x20004360</run_address>
         <size>0x4</size>
         <alignment>0x4</alignment>
         <input_file_ref idref="fl-1a"/>
      </object_component>
      <object_component id="oc-175">
         <name>.data.HwiP_dispatchTable</name>
         <load_address>0x20004174</load_address>
         <readwrite>true</readwrite>
         <run_address>0x20004174</run_address>
         <size>0xd8</size>
         <alignment>0x4</alignment>
         <input_file_ref idref="fl-1a"/>
      </object_component>
      <object_component id="oc-1eb">
         <name>.data.TimerP_initialized</name>
         <load_address>0x20004369</load_address>
         <readwrite>true</readwrite>
         <run_address>0x20004369</run_address>
         <size>0x1</size>
         <alignment>0x1</alignment>
         <input_file_ref idref="fl-1c"/>
      </object_component>
      <object_component id="oc-1ec">
         <name>.data..L_MergedGlobals</name>
         <load_address>0x20004314</load_address>
         <readwrite>true</readwrite>
         <run_address>0x20004314</run_address>
         <size>0x20</size>
         <alignment>0x4</alignment>
         <input_file_ref idref="fl-1c"/>
      </object_component>
      <object_component id="oc-1e0">
         <name>.data.SwiP_initialized</name>
         <load_address>0x20004368</load_address>
         <readwrite>true</readwrite>
         <run_address>0x20004368</run_address>
         <size>0x1</size>
[...]
         <value>0x2169</value>
         <object_component_ref idref="oc-214"/>
      </symbol>
      <symbol id="sm-d8">
         <name>QueueP_get</name>
         <value>0x1f11</value>
         <object_component_ref idref="oc-213"/>
      </symbol>
      <symbol id="sm-d9">
         <name>QueueP_head</name>
         <value>0x21e3</value>
         <object_component_ref idref="oc-208"/>
      </symbol>
      <symbol id="sm-da">
         <name>QueueP_put</name>
         <value>0x1e81</value>
         <object_component_ref idref="oc-165"/>
      </symbol>
      <symbol id="sm-db">
         <name>QueueP_next</name>
         <value>0x21e7</value>
         <object_component_ref idref="oc-209"/>
      </symbol>
      <symbol id="sm-f7">
         <name>HwiP_enable</name>
         <value>0x21cf</value>
         <object_component_ref idref="oc-fb"/>
      </symbol>
      <symbol id="sm-f8">
         <name>HwiP_disable</name>
         <value>0x20c5</value>
         <object_component_ref idref="oc-136"/>
      </symbol>
      <symbol id="sm-f9">
         <name>HwiP_restore</name>
         <value>0x2189</value>
         <object_component_ref idref="oc-137"/>
      </symbol>
      <symbol id="sm-fa">
         <name>HwiP_construct</name>
         <value>0x10c5</value>
         <object_component_ref idref="oc-124"/>
      </symbol>
      <symbol id="sm-fb">
         <name>HwiP_swiPIntNum</name>
         <value>0x20004360</value>
         <object_component_ref idref="oc-174"/>
      </symbol>
      <symbol id="sm-fc">
         <name>HwiP_Params_init</name>
         <value>0x1fdd</value>
         <object_component_ref idref="oc-139"/>
      </symbol>
      <symbol id="sm-fd">
         <name>HwiP_post</name>
         <value>0x2115</value>
         <object_component_ref idref="oc-20a"/>
      </symbol>
      <symbol id="sm-110">
         <name>PowerCC26XX_standbyPolicy</name>
         <value>0x7c9</value>
         <object_component_ref idref="oc-17a"/>
      </symbol>
      <symbol id="sm-111">
         <name>PowerCC26XX_schedulerDisable</name>
         <value>0x2085</value>
         <object_component_ref idref="oc-1f2"/>
      </symbol>
      <symbol id="sm-112">
         <name>PowerCC26XX_schedulerRestore</name>
         <value>0x2151</value>
         <object_component_ref idref="oc-1f3"/>
      </symbol>
      <symbol id="sm-13a">
         <name>TimerP_Params_init</name>
         <value>0x20a5</value>
         <object_component_ref idref="oc-1b2"/>
      </symbol>
      <symbol id="sm-13b">
         <name>TimerP_construct</name>
         <value>0xf19</value>
         <object_component_ref idref="oc-1b8"/>
      </symbol>
      <symbol id="sm-13c">
         <name>TimerP_startup</name>
         <value>0x1fa1</value>
         <object_component_ref idref="oc-1ea"/>
      </symbol>
      <symbol id="sm-13d">
         <name>TimerP_dynamicStub</name>
         <value>0x1f5d</value>
         <object_component_ref idref="oc-1ed"/>
      </symbol>
      <symbol id="sm-13e">
         <name>TimerP_start</name>
         <value>0x168d</value>
         <object_component_ref idref="oc-207"/>
      </symbol>
      <symbol id="sm-13f">
         <name>TimerP_getMaxTicks</name>
         <value>0x1dfd</value>
         <object_component_ref idref="oc-1b9"/>
      </symbol>
      <symbol id="sm-140">
         <name>TimerP_setThreshold</name>
         <value>0x1c7d</value>
         <object_component_ref idref="oc-20b"/>
      </symbol>
      <symbol id="sm-141">
         <name>TimerP_setNextTick</name>
         <value>0x1ca9</value>
         <object_component_ref idref="oc-1f0"/>
      </symbol>
      <symbol id="sm-142">
         <name>TimerP_getCurrentTick</name>
         <value>0x1afd</value>
         <object_component_ref idref="oc-1be"/>
      </symbol>
      <symbol id="sm-155">
         <name>resetISR</name>
         <value>0x1ef5</value>
         <object_component_ref idref="oc-2c"/>
      </symbol>
      <symbol id="sm-156">
         <name>g_pfnVectors</name>
         <value>0x0</value>
         <object_component_ref idref="oc-1f"/>
      </symbol>
      <symbol id="sm-17e">
         <name>SwiP_Params_init</name>
         <value>0x2095</value>
         <object_component_ref idref="oc-1ab"/>
      </symbol>
      <symbol id="sm-17f">
         <name>SwiP_construct</name>
         <value>0xa45</value>
         <object_component_ref idref="oc-1b1"/>
      </symbol>
      <symbol id="sm-180">
         <name>SwiP_dispatch</name>
         <value>0xfb9</value>
         <object_component_ref idref="oc-201"/>
      </symbol>
      <symbol id="sm-181">
         <name>SwiP_disable</name>
         <value>0x1ed9</value>
         <object_component_ref idref="oc-20d"/>
      </symbol>
      <symbol id="sm-182">
         <name>SwiP_post</name>
         <value>0x14ad</value>
         <object_component_ref idref="oc-1ef"/>
      </symbol>
      <symbol id="sm-183">
         <name>SwiP_restore</name>
         <value>0x1a25</value>
         <object_component_ref idref="oc-20f"/>
      </symbol>
      <symbol id="sm-18e">
         <name>GPIO_resetConfig</name>
         <value>0x1821</value>
         <object_component_ref idref="oc-14a"/>
      </symbol>
      <symbol id="sm-1a1">
         <name>GPIO_disableInt</name>
         <value>0x1f2d</value>
         <object_component_ref idref="oc-1a7"/>
      </symbol>
      <symbol id="sm-1a2">
         <name>GPIO_setConfig</name>
         <value>0x21af</value>
         <object_component_ref idref="oc-149"/>
      </symbol>
      <symbol id="sm-1a3">
         <name>GPIO_setConfigAndMux</name>
         <value>0xb09</value>
         <object_component_ref idref="oc-1a6"/>
      </symbol>
      <symbol id="sm-1a4">
         <name>GPIO_write</name>
         <value>0x2015</value>
         <object_component_ref idref="oc-13a"/>
      </symbol>
      <symbol id="sm-1e6">
         <name>Power_releaseConstraint</name>
         <value>0x1ac9</value>
         <object_component_ref idref="oc-187"/>
      </symbol>
      <symbol id="sm-1e7">
         <name>Power_setConstraint</name>
         <value>0x1b91</value>
         <object_component_ref idref="oc-126"/>
      </symbol>
      <symbol id="sm-1e8">
         <name>PowerCC26X2_module</name>
         <value>0x20004000</value>
         <object_component_ref idref="oc-128"/>
      </symbol>
      <symbol id="sm-1e9">
         <name>Power_getConstraintMask</name>
         <value>0x215d</value>
         <object_component_ref idref="oc-1ca"/>
      </symbol>
      <symbol id="sm-1ea">
         <name>Power_getTransitionLatency</name>
         <value>0x1ebd</value>
         <object_component_ref idref="oc-1cc"/>
      </symbol>
      <symbol id="sm-1eb">
         <name>Power_init</name>
         <value>0x3c5</value>
         <object_component_ref idref="oc-ea"/>
      </symbol>
      <symbol id="sm-1ec">
         <name>Power_releaseDependency</name>
         <value>0xdc9</value>
         <object_component_ref idref="oc-1da"/>
      </symbol>
      <symbol id="sm-1ed">
         <name>resourceDB</name>
         <value>0x21fc</value>
         <object_component_ref idref="oc-19e"/>
      </symbol>
      <symbol id="sm-1ee">
         <name>Power_setDependency</name>
         <value>0xbb9</value>
         <object_component_ref idref="oc-138"/>
      </symbol>
      <symbol id="sm-1ef">
         <name>Power_sleep</name>
         <value>0x26d</value>
         <object_component_ref idref="oc-1ce"/>
      </symbol>
      <symbol id="sm-1f0">
         <name>PowerCC26XX_calibrate</name>
         <value>0x1f45</value>
         <object_component_ref idref="oc-180"/>
      </symbol>
      <symbol id="sm-206">
         <name>PowerCC26X2_initiateCalibration</name>
         <value>0x1449</value>
         <object_component_ref idref="oc-1d2"/>
      </symbol>
      <symbol id="sm-207">
         <name>PowerCC26X2_auxISR</name>
         <value>0xd9</value>
         <object_component_ref idref="oc-133"/>
      </symbol>
      <symbol id="sm-208">
         <name>PowerCC26X2_calibrate</name>
         <value>0x4dd</value>
         <object_component_ref idref="oc-197"/>
      </symbol>
      <symbol id="sm-209">
         <name>PowerCC26X2_RCOSC_clockFunc</name>
         <value>0x17a1</value>
         <object_component_ref idref="oc-12c"/>
      </symbol>
      <symbol id="sm-21c">
         <name>GPIO_hwiIntFxn</name>
         <value>0x16d5</value>
         <object_component_ref idref="oc-142"/>
      </symbol>
      <symbol id="sm-21d">
         <name>GPIO_init</name>
         <value>0x5e9</value>
         <object_component_ref idref="oc-f0"/>
      </symbol>
      <symbol id="sm-243">
         <name>PowerCC26X2_updateSubSecInc</name>
         <value>0x11b9</value>
         <object_component_ref idref="oc-18a"/>
      </symbol>
      <symbol id="sm-244">
         <name>PowerCC26X2_readCtrim</name>
         <value>0x2045</value>
         <object_component_ref idref="oc-193"/>
      </symbol>
      <symbol id="sm-245">
         <name>PowerCC26X2_readCtrimFract</name>
         <value>0x2055</value>
         <object_component_ref idref="oc-194"/>
      </symbol>
      <symbol id="sm-246">
         <name>PowerCC26X2_readRtrim</name>
         <value>0x2065</value>
         <object_component_ref idref="oc-195"/>
      </symbol>
      <symbol id="sm-247">
         <name>PowerCC26X2_writeCtrim</name>
         <value>0x1d6d</value>
         <object_component_ref idref="oc-190"/>
      </symbol>
      <symbol id="sm-248">
         <name>PowerCC26X2_writeCtrimFract</name>
         <value>0x1d91</value>
         <object_component_ref idref="oc-191"/>
      </symbol>
      <symbol id="sm-249">
         <name>PowerCC26X2_writeCtrimFractEn</name>
         <value>0x1db5</value>
         <object_component_ref idref="oc-196"/>
      </symbol>
      <symbol id="sm-24a">
         <name>PowerCC26X2_writeRtrim</name>
         <value>0x1dd9</value>
         <object_component_ref idref="oc-192"/>
      </symbol>
      <symbol id="sm-24b">
         <name>PowerCC26X2_setTdcClkSrc24M</name>
         <value>0x1899</value>
         <object_component_ref idref="oc-1d8"/>
      </symbol>
      <symbol id="sm-24c">
         <name>PowerCC26X2_setAclkRefSrc</name>
         <value>0x17e1</value>
         <object_component_ref idref="oc-1d9"/>
      </symbol>
      <symbol id="sm-27f">
         <name>PowerCC26X2_oscCtlClearXtal</name>
         <value>0x2025</value>
         <object_component_ref idref="oc-121"/>
      </symbol>
      <symbol id="sm-280">
         <name>PowerCC26X2_prcmEnableCacheRetention</name>
         <value>0x2035</value>
         <object_component_ref idref="oc-1f5"/>
      </symbol>
      <symbol id="sm-281">
         <name>PowerCC26X2_oschfSwitchToRcosc</name>
         <value>0x21d7</value>
         <object_component_ref idref="oc-1c5"/>
      </symbol>
      <symbol id="sm-282">
         <name>PowerCC26X2_oscClockSourceGet</name>
         <value>0x2121</value>
         <object_component_ref idref="oc-186"/>
      </symbol>
      <symbol id="sm-283">
         <name>PowerCC26X2_oscDisableQualifiers</name>
         <value>0x19ed</value>
         <object_component_ref idref="oc-127"/>
      </symbol>
      <symbol id="sm-284">
         <name>PowerCC26X2_oschfTrySwitchToXosc</name>
         <value>0x21a1</value>
         <object_component_ref idref="oc-1d4"/>
      </symbol>
      <symbol id="sm-285">
         <name>PowerCC26X2_enableTCXOQual</name>
         <value>0x1e61</value>
         <object_component_ref idref="oc-1c4"/>
      </symbol>
      <symbol id="sm-286">
         <name>PowerCC26X2_disableTCXOQual</name>
         <value>0x1e41</value>
         <object_component_ref idref="oc-1c7"/>
      </symbol>
      <symbol id="sm-287">
         <name>PowerCC26X2_turnOnXosc</name>
         <value>0x21df</value>
         <object_component_ref idref="oc-1c8"/>
      </symbol>
      <symbol id="sm-288">
         <name>PowerCC26X2_switchToTCXO</name>
         <value>0x2075</value>
         <object_component_ref idref="oc-181"/>
      </symbol>
      <symbol id="sm-289">
         <name>PowerCC26X2_sysCtrlStandby</name>
         <value>0x217f</value>
         <object_component_ref idref="oc-1f4"/>
      </symbol>
      <symbol id="sm-28a">
         <name>PowerCC26X2_sysCtrlIdle</name>
         <value>0x21db</value>
         <object_component_ref idref="oc-1cf"/>
      </symbol>
      <symbol id="sm-28b">
         <name>PowerCC26X2_setPeriphDeepSleepEnable</name>
         <value>0x212d</value>
         <object_component_ref idref="oc-1f6"/>
      </symbol>
      <symbol id="sm-28c">
         <name>PowerCC26X2_sysCtrlGetResetSource</name>
         <value>0x2139</value>
         <object_component_ref idref="oc-115"/>
      </symbol>
      <symbol id="sm-28d">
         <name>PowerCC26X2_setSubSecIncToXoscLf</name>
         <value>0x1a95</value>
         <object_component_ref idref="oc-185"/>
      </symbol>
      <symbol id="sm-28e">
         <name>PowerCC26X2_sysCtrlUpdateVoltageRegulator</name>
         <value>0x2145</value>
         <object_component_ref idref="oc-1c9"/>
      </symbol>
      <symbol id="sm-29d">
         <name>NOROM_CPUcpsid</name>
         <value>0x2191</value>
         <object_component_ref idref="oc-5a"/>
      </symbol>
      <symbol id="sm-29e">
         <name>NOROM_CPUcpsie</name>
         <value>0x2199</value>
         <object_component_ref idref="oc-150"/>
      </symbol>
      <symbol id="sm-29f">
         <name>NOROM_CPUdelay</name>
         <value>0x21b5</value>
         <object_component_ref idref="oc-1a5"/>
      </symbol>
      <symbol id="sm-2ac">
         <name>NOROM_IntRegister</name>
         <value>0x1c51</value>
         <object_component_ref idref="oc-16e"/>
      </symbol>
      <symbol id="sm-2d4">
         <name>NOROM_OSCHF_TurnOnXosc</name>
         <value>0x1d49</value>
         <object_component_ref idref="oc-1d3"/>
      </symbol>
      <symbol id="sm-2d5">
         <name>NOROM_OSCHF_AttemptToSwitchToXosc</name>
         <value>0x13e5</value>
         <object_component_ref idref="oc-1fe"/>
      </symbol>
      <symbol id="sm-2d6">
         <name>NOROM_OSCHF_SwitchToRcOscTurnOffXosc</name>
         <value>0x1945</value>
         <object_component_ref idref="oc-1f1"/>
      </symbol>
      <symbol id="sm-2d7">
         <name>NOROM_OSC_CapArrayAdjustWorkaround_Boot</name>
         <value>0x1cd5</value>
         <object_component_ref idref="oc-93"/>
      </symbol>
      <symbol id="sm-2d8">
         <name>_hposcCoeffs</name>
         <value>0x20004344</value>
         <object_component_ref idref="oc-1ff"/>
      </symbol>
      <symbol id="sm-2d9">
         <name>NOROM_OSC_HPOSCRelativeFrequencyOffsetGet</name>
         <value>0x185d</value>
         <object_component_ref idref="oc-1d5"/>
      </symbol>
      <symbol id="sm-2e7">
         <name>NOROM_PRCMPowerDomainsAllOff</name>
         <value>0x1719</value>
         <object_component_ref idref="oc-200"/>
      </symbol>
      <symbol id="sm-2e8">
         <name>NOROM_PRCMPowerDomainsAllOn</name>
         <value>0x175d</value>
         <object_component_ref idref="oc-198"/>
      </symbol>
      <symbol id="sm-2f7">
         <name>NOROM_SetupTrimDevice</name>
         <value>0x8a5</value>
         <object_component_ref idref="oc-5f"/>
      </symbol>
      <symbol id="sm-308">
         <name>NOROM_SysCtrlIdle</name>
         <value>0x197d</value>
         <object_component_ref idref="oc-1f7"/>
      </symbol>
      <symbol id="sm-309">
         <name>NOROM_SysCtrlStandby</name>
         <value>0x6e9</value>
         <object_component_ref idref="oc-210"/>
      </symbol>
      <symbol id="sm-30a">
         <name>NOROM_SysCtrlSetRechargeBeforePowerDown</name>
         <value>0x1141</value>
         <object_component_ref idref="oc-21c"/>
      </symbol>
      <symbol id="sm-317">
         <name>NOROM_AUXSYSIFOpModeChange</name>
         <value>0x190d</value>
         <object_component_ref idref="oc-99"/>
      </symbol>
      <symbol id="sm-325">
         <name>NOROM_ChipInfo_GetHwRevision</name>
         <value>0x15ad</value>
         <object_component_ref idref="oc-90"/>
      </symbol>
      <symbol id="sm-326">
         <name>NOROM_ThisLibraryIsFor_CC13x2_CC26x2_HwRev20AndLater_HaltIfViolated</name>
         <value>0x1cfd</value>
         <object_component_ref idref="oc-76"/>
      </symbol>
      <symbol id="sm-32d">
         <name>_sys_memory</name>
         <value>0x20000000</value>
         <object_component_ref idref="oc-39"/>
      </symbol>
      <symbol id="sm-338">
         <name>__stack</name>
         <value>0x20013c00</value>
         <object_component_ref idref="oc-21"/>
      </symbol>
      <symbol id="sm-339">
         <name>_c_int00</name>
         <value>0x1c21</value>
         <object_component_ref idref="oc-83"/>
      </symbol>
      <symbol id="sm-345">
         <name>__TI_auto_init_nobinit_nopinit</name>
         <value>0x1a5d</value>
         <object_component_ref idref="oc-d7"/>
      </symbol>
      <symbol id="sm-34d">
         <name>_system_pre_init</name>
         <value>0x21f1</value>
         <object_component_ref idref="oc-9d"/>
      </symbol>
      <symbol id="sm-358">
         <name>__TI_zero_init_nomemset</name>
         <value>0x2001</value>
         <object_component_ref idref="oc-53"/>
      </symbol>
      <symbol id="sm-361">
         <name>__TI_decompress_none</name>
         <value>0x20ef</value>
         <object_component_ref idref="oc-27"/>
      </symbol>
      <symbol id="sm-36b">
         <name>__TI_decompress_lzss</name>
         <value>0x122d</value>
         <object_component_ref idref="oc-23"/>
      </symbol>
      <symbol id="sm-375">
         <name>abort</name>
         <value>0x21c1</value>
         <object_component_ref idref="oc-d0"/>
      </symbol>
      <symbol id="sm-380">
         <name>_args_main</name>
         <value>0x1fc9</value>
         <object_component_ref idref="oc-a7"/>
      </symbol>
      <symbol id="sm-388">
         <name>HOSTexit</name>
         <value>0x21cb</value>
         <object_component_ref idref="oc-105"/>
      </symbol>
      <symbol id="sm-389">
         <name>C$$EXIT</name>
         <value>0x21ca</value>
         <object_component_ref idref="oc-105"/>
      </symbol>
      <symbol id="sm-38f">
         <name>__aeabi_memcpy</name>
         <value>0x21ed</value>
         <object_component_ref idref="oc-4c"/>
      </symbol>
      <symbol id="sm-390">
         <name>__aeabi_memcpy4</name>
         <value>0x21ed</value>
         <object_component_ref idref="oc-4c"/>
      </symbol>
      <symbol id="sm-391">
         <name>__aeabi_memcpy8</name>
         <value>0x21ed</value>
         <object_component_ref idref="oc-4c"/>
      </symbol>
      <symbol id="sm-397">
         <name>__aeabi_uldivmod</name>
         <value>0x1fb5</value>
         <object_component_ref idref="oc-1e6"/>
      </symbol>
      <symbol id="sm-39d">
         <name>__udivmoddi4</name>
         <value>0xd19</value>
         <object_component_ref idref="oc-202"/>
      </symbol>
      <symbol id="sm-3a8">
         <name>__aeabi_ldiv0</name>
         <value>0x1cd3</value>
         <object_component_ref idref="oc-215"/>
      </symbol>
      <symbol id="sm-3b0">
         <name>TI_memcpy_small</name>
         <value>0x1fef</value>
         <object_component_ref idref="oc-88"/>
      </symbol>
      <symbol id="sm-3b1">
         <name>__TI_static_base__</name>
         <value>0x0</value>
      </symbol>
      <symbol id="sm-3b4">
         <name>ITM_flush</name>
         <value>0x0</value>
      </symbol>
      <symbol id="sm-3b5">
         <name>ITM_restore</name>
         <value>0x0</value>
      </symbol>
      <symbol id="sm-3b6">
         <name>__mpu_init</name>
         <value>0x0</value>
      </symbol>
      <symbol id="sm-3b7">
         <name>_system_post_cinit</name>
         <value>0x0</value>
      </symbol>
   </symbol_table>
   <title>Link successful</title>
</link_info>
